Archive member included to satisfy reference by file (symbol)

e:/ac6/systemworkbench/plugins/fr.ac6.mcu.externaltools.arm-none.win32_1.16.0.201807130628/tools/compiler/bin/../lib/gcc/arm-none-eabi/7.2.1/../../../../arm-none-eabi/lib/thumb/v7e-m/fpv4-sp/hard\libc_nano.a(lib_a-exit.o)
                              e:/ac6/systemworkbench/plugins/fr.ac6.mcu.externaltools.arm-none.win32_1.16.0.201807130628/tools/compiler/bin/../lib/gcc/arm-none-eabi/7.2.1/../../../../arm-none-eabi/lib/thumb/v7e-m/fpv4-sp/hard/crt0.o (exit)
e:/ac6/systemworkbench/plugins/fr.ac6.mcu.externaltools.arm-none.win32_1.16.0.201807130628/tools/compiler/bin/../lib/gcc/arm-none-eabi/7.2.1/../../../../arm-none-eabi/lib/thumb/v7e-m/fpv4-sp/hard\libc_nano.a(lib_a-impure.o)
                              e:/ac6/systemworkbench/plugins/fr.ac6.mcu.externaltools.arm-none.win32_1.16.0.201807130628/tools/compiler/bin/../lib/gcc/arm-none-eabi/7.2.1/../../../../arm-none-eabi/lib/thumb/v7e-m/fpv4-sp/hard\libc_nano.a(lib_a-exit.o) (_global_impure_ptr)
e:/ac6/systemworkbench/plugins/fr.ac6.mcu.externaltools.arm-none.win32_1.16.0.201807130628/tools/compiler/bin/../lib/gcc/arm-none-eabi/7.2.1/../../../../arm-none-eabi/lib/thumb/v7e-m/fpv4-sp/hard\libc_nano.a(lib_a-init.o)
                              e:/ac6/systemworkbench/plugins/fr.ac6.mcu.externaltools.arm-none.win32_1.16.0.201807130628/tools/compiler/bin/../lib/gcc/arm-none-eabi/7.2.1/../../../../arm-none-eabi/lib/thumb/v7e-m/fpv4-sp/hard/crt0.o (__libc_init_array)
e:/ac6/systemworkbench/plugins/fr.ac6.mcu.externaltools.arm-none.win32_1.16.0.201807130628/tools/compiler/bin/../lib/gcc/arm-none-eabi/7.2.1/../../../../arm-none-eabi/lib/thumb/v7e-m/fpv4-sp/hard\libc_nano.a(lib_a-memcpy-stub.o)
                              Middlewares/Third_Party/FreeRTOS/Source/queue.o (memcpy)
e:/ac6/systemworkbench/plugins/fr.ac6.mcu.externaltools.arm-none.win32_1.16.0.201807130628/tools/compiler/bin/../lib/gcc/arm-none-eabi/7.2.1/../../../../arm-none-eabi/lib/thumb/v7e-m/fpv4-sp/hard\libc_nano.a(lib_a-memset.o)
                              e:/ac6/systemworkbench/plugins/fr.ac6.mcu.externaltools.arm-none.win32_1.16.0.201807130628/tools/compiler/bin/../lib/gcc/arm-none-eabi/7.2.1/../../../../arm-none-eabi/lib/thumb/v7e-m/fpv4-sp/hard/crt0.o (memset)
e:/ac6/systemworkbench/plugins/fr.ac6.mcu.externaltools.arm-none.win32_1.16.0.201807130628/tools/compiler/bin/../lib/gcc/arm-none-eabi/7.2.1/../../../../arm-none-eabi/lib/thumb/v7e-m/fpv4-sp/hard\libnosys.a(_exit.o)
                              e:/ac6/systemworkbench/plugins/fr.ac6.mcu.externaltools.arm-none.win32_1.16.0.201807130628/tools/compiler/bin/../lib/gcc/arm-none-eabi/7.2.1/../../../../arm-none-eabi/lib/thumb/v7e-m/fpv4-sp/hard\libc_nano.a(lib_a-exit.o) (_exit)

Allocating common symbols
Common symbol       size              file

inboundRecive       0x2               Src/main.o
hdma_usart2_rx      0x44              Src/main.o
BuzzertogglerHandle
                    0x4               Src/main.o
UartSenderHandle    0x4               Src/main.o
sensorStatus        0x8               Src/main.o
RefresherHandle     0x4               Src/main.o
uwTick              0x4               Drivers/STM32F3xx_HAL_Driver/Src/stm32f3xx_hal.o
xQueueRegistry      0x40              Middlewares/Third_Party/FreeRTOS/Source/queue.o
pFlash              0x20              Drivers/STM32F3xx_HAL_Driver/Src/stm32f3xx_hal_flash.o
sensorAlarm         0x8               Src/main.o
htim1               0x40              Src/stm32f3xx_hal_timebase_TIM.o
myBinarySem01Handle
                    0x4               Src/main.o
UartReciverHandle   0x4               Src/main.o
huart2              0x70              Src/main.o

Discarded input sections

 .text          0x00000000        0x0 e:/ac6/systemworkbench/plugins/fr.ac6.mcu.externaltools.arm-none.win32_1.16.0.201807130628/tools/compiler/bin/../lib/gcc/arm-none-eabi/7.2.1/thumb/v7e-m/fpv4-sp/hard/crti.o
 .data          0x00000000        0x0 e:/ac6/systemworkbench/plugins/fr.ac6.mcu.externaltools.arm-none.win32_1.16.0.201807130628/tools/compiler/bin/../lib/gcc/arm-none-eabi/7.2.1/thumb/v7e-m/fpv4-sp/hard/crti.o
 .bss           0x00000000        0x0 e:/ac6/systemworkbench/plugins/fr.ac6.mcu.externaltools.arm-none.win32_1.16.0.201807130628/tools/compiler/bin/../lib/gcc/arm-none-eabi/7.2.1/thumb/v7e-m/fpv4-sp/hard/crti.o
 .data          0x00000000        0x4 e:/ac6/systemworkbench/plugins/fr.ac6.mcu.externaltools.arm-none.win32_1.16.0.201807130628/tools/compiler/bin/../lib/gcc/arm-none-eabi/7.2.1/thumb/v7e-m/fpv4-sp/hard/crtbegin.o
 .text          0x00000000       0x74 e:/ac6/systemworkbench/plugins/fr.ac6.mcu.externaltools.arm-none.win32_1.16.0.201807130628/tools/compiler/bin/../lib/gcc/arm-none-eabi/7.2.1/../../../../arm-none-eabi/lib/thumb/v7e-m/fpv4-sp/hard/crt0.o
[...]
Memory Configuration

Name             Origin             Length             Attributes
RAM              0x20000000         0x0000a000         xrw
CCMRAM           0x10000000         0x00002000         rw
FLASH            0x08000000         0x00040000         xr
*default*        0x00000000         0xffffffff

Linker script and memory map

LOAD e:/ac6/systemworkbench/plugins/fr.ac6.mcu.externaltools.arm-none.win32_1.16.0.201807130628/tools/compiler/bin/../lib/gcc/arm-none-eabi/7.2.1/thumb/v7e-m/fpv4-sp/hard/crti.o
LOAD e:/ac6/systemworkbench/plugins/fr.ac6.mcu.externaltools.arm-none.win32_1.16.0.201807130628/tools/compiler/bin/../lib/gcc/arm-none-eabi/7.2.1/thumb/v7e-m/fpv4-sp/hard/crtbegin.o
LOAD e:/ac6/systemworkbench/plugins/fr.ac6.mcu.externaltools.arm-none.win32_1.16.0.201807130628/tools/compiler/bin/../lib/gcc/arm-none-eabi/7.2.1/../../../../arm-none-eabi/lib/thumb/v7e-m/fpv4-sp/hard/crt0.o
LOAD Drivers/STM32F3xx_HAL_Driver/Src/stm32f3xx_hal.o
LOAD Drivers/STM32F3xx_HAL_Driver/Src/stm32f3xx_hal_cortex.o
LOAD Drivers/STM32F3xx_HAL_Driver/Src/stm32f3xx_hal_dma.o
LOAD Drivers/STM32F3xx_HAL_Driver/Src/stm32f3xx_hal_flash.o
LOAD Drivers/STM32F3xx_HAL_Driver/Src/stm32f3xx_hal_flash_ex.o
LOAD Drivers/STM32F3xx_HAL_Driver/Src/stm32f3xx_hal_gpio.o
LOAD Drivers/STM32F3xx_HAL_Driver/Src/stm32f3xx_hal_i2c.o
LOAD Drivers/STM32F3xx_HAL_Driver/Src/stm32f3xx_hal_i2c_ex.o
LOAD Drivers/STM32F3xx_HAL_Driver/Src/stm32f3xx_hal_pwr.o
LOAD Drivers/STM32F3xx_HAL_Driver/Src/stm32f3xx_hal_pwr_ex.o
LOAD Drivers/STM32F3xx_HAL_Driver/Src/stm32f3xx_hal_rcc.o
LOAD Drivers/STM32F3xx_HAL_Driver/Src/stm32f3xx_hal_rcc_ex.o
LOAD Drivers/STM32F3xx_HAL_Driver/Src/stm32f3xx_hal_tim.o
LOAD Drivers/STM32F3xx_HAL_Driver/Src/stm32f3xx_hal_tim_ex.o
LOAD Drivers/STM32F3xx_HAL_Driver/Src/stm32f3xx_hal_uart.o
LOAD Drivers/STM32F3xx_HAL_Driver/Src/stm32f3xx_hal_uart_ex.o
LOAD Middlewares/Third_Party/FreeRTOS/Source/CMSIS_RTOS/cmsis_os.o
LOAD Middlewares/Third_Party/FreeRTOS/Source/croutine.o
LOAD Middlewares/Third_Party/FreeRTOS/Source/event_groups.o
LOAD Middlewares/Third_Party/FreeRTOS/Source/list.o
LOAD Middlewares/Third_Party/FreeRTOS/Source/queue.o
LOAD Middlewares/Third_Party/FreeRTOS/Source/tasks.o
LOAD Middlewares/Third_Party/FreeRTOS/Source/timers.o
LOAD Middlewares/Third_Party/FreeRTOS/Source/portable/GCC/ARM_CM4F/port.o
LOAD Middlewares/Third_Party/FreeRTOS/Source/portable/MemMang/heap_4.o
LOAD Src/freertos.o
LOAD Src/main.o
LOAD Src/stm32f3xx_hal_msp.o
LOAD Src/stm32f3xx_hal_timebase_TIM.o
LOAD Src/stm32f3xx_it.o
LOAD Src/system_stm32f3xx.o
LOAD startup/startup_stm32f303xc.o
LOAD e:/ac6/systemworkbench/plugins/fr.ac6.mcu.externaltools.arm-none.win32_1.16.0.201807130628/tools/compiler/bin/../lib/gcc/arm-none-eabi/7.2.1/../../../../arm-none-eabi/lib/thumb/v7e-m/fpv4-sp/hard\libm.a
START GROUP
LOAD e:/ac6/systemworkbench/plugins/fr.ac6.mcu.externaltools.arm-none.win32_1.16.0.201807130628/tools/compiler/bin/../lib/gcc/arm-none-eabi/7.2.1/thumb/v7e-m/fpv4-sp/hard\libgcc.a
LOAD e:/ac6/systemworkbench/plugins/fr.ac6.mcu.externaltools.arm-none.win32_1.16.0.201807130628/tools/compiler/bin/../lib/gcc/arm-none-eabi/7.2.1/../../../../arm-none-eabi/lib/thumb/v7e-m/fpv4-sp/hard\libc_nano.a
END GROUP
START GROUP
LOAD e:/ac6/systemworkbench/plugins/fr.ac6.mcu.externaltools.arm-none.win32_1.16.0.201807130628/tools/compiler/bin/../lib/gcc/arm-none-eabi/7.2.1/thumb/v7e-m/fpv4-sp/hard\libgcc.a
LOAD e:/ac6/systemworkbench/plugins/fr.ac6.mcu.externaltools.arm-none.win32_1.16.0.201807130628/tools/compiler/bin/../lib/gcc/arm-none-eabi/7.2.1/../../../../arm-none-eabi/lib/thumb/v7e-m/fpv4-sp/hard\libc_nano.a
LOAD e:/ac6/systemworkbench/plugins/fr.ac6.mcu.externaltools.arm-none.win32_1.16.0.201807130628/tools/compiler/bin/../lib/gcc/arm-none-eabi/7.2.1/../../../../arm-none-eabi/lib/thumb/v7e-m/fpv4-sp/hard\libnosys.a
END GROUP
START GROUP
LOAD e:/ac6/systemworkbench/plugins/fr.ac6.mcu.externaltools.arm-none.win32_1.16.0.201807130628/tools/compiler/bin/../lib/gcc/arm-none-eabi/7.2.1/thumb/v7e-m/fpv4-sp/hard\libgcc.a
LOAD e:/ac6/systemworkbench/plugins/fr.ac6.mcu.externaltools.arm-none.win32_1.16.0.201807130628/tools/compiler/bin/../lib/gcc/arm-none-eabi/7.2.1/../../../../arm-none-eabi/lib/thumb/v7e-m/fpv4-sp/hard\libc_nano.a
LOAD e:/ac6/systemworkbench/plugins/fr.ac6.mcu.externaltools.arm-none.win32_1.16.0.201807130628/tools/compiler/bin/../lib/gcc/arm-none-eabi/7.2.1/../../../../arm-none-eabi/lib/thumb/v7e-m/fpv4-sp/hard\libnosys.a
END GROUP
LOAD e:/ac6/systemworkbench/plugins/fr.ac6.mcu.externaltools.arm-none.win32_1.16.0.201807130628/tools/compiler/bin/../lib/gcc/arm-none-eabi/7.2.1/thumb/v7e-m/fpv4-sp/hard/crtend.o
LOAD e:/ac6/systemworkbench/plugins/fr.ac6.mcu.externaltools.arm-none.win32_1.16.0.201807130628/tools/compiler/bin/../lib/gcc/arm-none-eabi/7.2.1/thumb/v7e-m/fpv4-sp/hard/crtn.o
                0x2000a000                _estack = 0x2000a000
                0x00000200                _Min_Heap_Size = 0x200
                0x00000400                _Min_Stack_Size = 0x400

.isr_vector     0x08000000      0x188
                0x08000000                . = ALIGN (0x4)
 *(.isr_vector)
 .isr_vector    0x08000000      0x188 startup/startup_stm32f303xc.o
                0x08000000                g_pfnVectors
                0x08000188                . = ALIGN (0x4)

.text           0x08000190     0x3cf0
                0x08000190                . = ALIGN (0x4)
 *(.text)
 .text          0x08000190       0x40 e:/ac6/systemworkbench/plugins/fr.ac6.mcu.externaltools.arm-none.win32_1.16.0.201807130628/tools/compiler/bin/../lib/gcc/arm-none-eabi/7.2.1/thumb/v7e-m/fpv4-sp/hard/crtbegin.o
 *(.text*)
 .text.HAL_Init
                0x080001d0       0x24 Drivers/STM32F3xx_HAL_Driver/Src/stm32f3xx_hal.o
                0x080001d0                HAL_Init
 .text.HAL_IncTick
                0x080001f4       0x18 Drivers/STM32F3xx_HAL_Driver/Src/stm32f3xx_hal.o
                0x080001f4                HAL_IncTick
 .text.HAL_GetTick
                0x0800020c        0xc Drivers/STM32F3xx_HAL_Driver/Src/stm32f3xx_hal.o
                0x0800020c                HAL_GetTick
 .text.HAL_NVIC_SetPriorityGrouping
                0x08000218       0x24 Drivers/STM32F3xx_HAL_Driver/Src/stm32f3xx_hal_cortex.o
                0x08000218                HAL_NVIC_SetPriorityGrouping
 .text.HAL_NVIC_SetPriority
                0x0800023c       0x68 Drivers/STM32F3xx_HAL_Driver/Src/stm32f3xx_hal_cortex.o
                0x0800023c                HAL_NVIC_SetPriority
 .text.HAL_NVIC_EnableIRQ
                0x080002a4       0x18 Drivers/STM32F3xx_HAL_Driver/Src/stm32f3xx_hal_cortex.o
                0x080002a4                HAL_NVIC_EnableIRQ
 .text.HAL_SYSTICK_Config
                0x080002bc       0x2c Drivers/STM32F3xx_HAL_Driver/Src/stm32f3xx_hal_cortex.o
                0x080002bc                HAL_SYSTICK_Config
 .text.HAL_SYSTICK_CLKSourceConfig
                0x080002e8       0x20 Drivers/STM32F3xx_HAL_Driver/Src/stm32f3xx_hal_cortex.o
                0x080002e8                HAL_SYSTICK_CLKSourceConfig
 .text.DMA_SetConfig
                0x08000308       0x2c Drivers/STM32F3xx_HAL_Driver/Src/stm32f3xx_hal_dma.o
 .text.DMA_CalcBaseAndBitshift
                0x08000334       0x4c Drivers/STM32F3xx_HAL_Driver/Src/stm32f3xx_hal_dma.o
 .text.HAL_DMA_Init
                0x08000380       0x50 Drivers/STM32F3xx_HAL_Driver/Src/stm32f3xx_hal_dma.o
                0x08000380                HAL_DMA_Init
 .text.HAL_DMA_Start_IT
                0x080003d0       0x74 Drivers/STM32F3xx_HAL_Driver/Src/stm32f3xx_hal_dma.o
                0x080003d0                HAL_DMA_Start_IT
 .text.HAL_DMA_IRQHandler
                0x08000444       0xb4 Drivers/STM32F3xx_HAL_Driver/Src/stm32f3xx_hal_dma.o
                0x08000444                HAL_DMA_IRQHandler
 .text.HAL_GPIO_Init
                0x080004f8      0x194 Drivers/STM32F3xx_HAL_Driver/Src/stm32f3xx_hal_gpio.o
                0x080004f8                HAL_GPIO_Init
 .text.HAL_GPIO_ReadPin
                0x0800068c        0xe Drivers/STM32F3xx_HAL_Driver/Src/stm32f3xx_hal_gpio.o
                0x0800068c                HAL_GPIO_ReadPin
 .text.HAL_GPIO_WritePin
                0x0800069a        0xa Drivers/STM32F3xx_HAL_Driver/Src/stm32f3xx_hal_gpio.o
                0x0800069a                HAL_GPIO_WritePin
 .text.HAL_GPIO_TogglePin
                0x080006a4        0x8 Drivers/STM32F3xx_HAL_Driver/Src/stm32f3xx_hal_gpio.o
                0x080006a4                HAL_GPIO_TogglePin
 .text.HAL_RCC_OscConfig
                0x080006ac      0x618 Drivers/STM32F3xx_HAL_Driver/Src/stm32f3xx_hal_rcc.o
                0x080006ac                HAL_RCC_OscConfig
 .text.HAL_RCC_GetSysClockFreq
                0x08000cc4       0x70 Drivers/STM32F3xx_HAL_Driver/Src/stm32f3xx_hal_rcc.o
                0x08000cc4                HAL_RCC_GetSysClockFreq
 .text.HAL_RCC_ClockConfig
                0x08000d34      0x1a0 Drivers/STM32F3xx_HAL_Driver/Src/stm32f3xx_hal_rcc.o
                0x08000d34                HAL_RCC_ClockConfig
 .text.HAL_RCC_GetHCLKFreq
                0x08000ed4        0xc Drivers/STM32F3xx_HAL_Driver/Src/stm32f3xx_hal_rcc.o
                0x08000ed4                HAL_RCC_GetHCLKFreq
 .text.HAL_RCC_GetPCLK1Freq
                0x08000ee0       0x2c Drivers/STM32F3xx_HAL_Driver/Src/stm32f3xx_hal_rcc.o
                0x08000ee0                HAL_RCC_GetPCLK1Freq
 .text.HAL_RCC_GetPCLK2Freq
                0x08000f0c       0x2c Drivers/STM32F3xx_HAL_Driver/Src/stm32f3xx_hal_rcc.o
                0x08000f0c                HAL_RCC_GetPCLK2Freq
 .text.HAL_RCC_GetClockConfig
                0x08000f38       0x3c Drivers/STM32F3xx_HAL_Driver/Src/stm32f3xx_hal_rcc.o
                0x08000f38                HAL_RCC_GetClockConfig
 .text.HAL_RCCEx_PeriphCLKConfig
                0x08000f74      0x268 Drivers/STM32F3xx_HAL_Driver/Src/stm32f3xx_hal_rcc_ex.o
                0x08000f74                HAL_RCCEx_PeriphCLKConfig
 .text.HAL_TIM_Base_MspInit
                0x080011dc        0x2 Drivers/STM32F3xx_HAL_Driver/Src/stm32f3xx_hal_tim.o
                0x080011dc                HAL_TIM_Base_MspInit
 .text.HAL_TIM_Base_Start_IT
                0x080011de       0x18 Drivers/STM32F3xx_HAL_Driver/Src/stm32f3xx_hal_tim.o
                0x080011de                HAL_TIM_Base_Start_IT
 .text.HAL_TIM_OC_DelayElapsedCallback
                0x080011f6        0x2 Drivers/STM32F3xx_HAL_Driver/Src/stm32f3xx_hal_tim.o
                0x080011f6                HAL_TIM_OC_DelayElapsedCallback
 .text.HAL_TIM_IC_CaptureCallback
                0x080011f8        0x2 Drivers/STM32F3xx_HAL_Driver/Src/stm32f3xx_hal_tim.o
                0x080011f8                HAL_TIM_IC_CaptureCallback
 .text.HAL_TIM_PWM_PulseFinishedCallback
                0x080011fa        0x2 Drivers/STM32F3xx_HAL_Driver/Src/stm32f3xx_hal_tim.o
                0x080011fa                HAL_TIM_PWM_PulseFinishedCallback
 .text.HAL_TIM_TriggerCallback
                0x080011fc        0x2 Drivers/STM32F3xx_HAL_Driver/Src/stm32f3xx_hal_tim.o
                0x080011fc                HAL_TIM_TriggerCallback
 .text.HAL_TIM_IRQHandler
                0x080011fe      0x19a Drivers/STM32F3xx_HAL_Driver/Src/stm32f3xx_hal_tim.o
                0x080011fe                HAL_TIM_IRQHandler
 .text.TIM_Base_SetConfig
                0x08001398       0xb8 Drivers/STM32F3xx_HAL_Driver/Src/stm32f3xx_hal_tim.o
                0x08001398                TIM_Base_SetConfig
 .text.HAL_TIM_Base_Init
                0x08001450       0x32 Drivers/STM32F3xx_HAL_Driver/Src/stm32f3xx_hal_tim.o
                0x08001450                HAL_TIM_Base_Init
 .text.HAL_TIMEx_CommutationCallback
                0x08001482        0x2 Drivers/STM32F3xx_HAL_Driver/Src/stm32f3xx_hal_tim_ex.o
                0x08001482                HAL_TIMEx_CommutationCallback
 .text.HAL_TIMEx_BreakCallback
                0x08001484        0x2 Drivers/STM32F3xx_HAL_Driver/Src/stm32f3xx_hal_tim_ex.o
                0x08001484                HAL_TIMEx_BreakCallback
 .text.HAL_TIMEx_Break2Callback
                0x08001486        0x2 Drivers/STM32F3xx_HAL_Driver/Src/stm32f3xx_hal_tim_ex.o
                0x08001486                HAL_TIMEx_Break2Callback
 .text.UART_EndTxTransfer
                0x08001488       0x12 Drivers/STM32F3xx_HAL_Driver/Src/stm32f3xx_hal_uart.o
 .text.UART_EndRxTransfer
                0x0800149a       0x1c Drivers/STM32F3xx_HAL_Driver/Src/stm32f3xx_hal_uart.o
 *fill*         0x080014b6        0x2 
 .text.HAL_UART_Receive_DMA
                0x080014b8       0x9c Drivers/STM32F3xx_HAL_Driver/Src/stm32f3xx_hal_uart.o
                0x080014b8                HAL_UART_Receive_DMA
 .text.UART_DMAReceiveCplt
                0x08001554       0x40 Drivers/STM32F3xx_HAL_Driver/Src/stm32f3xx_hal_uart.o
 .text.HAL_UART_RxHalfCpltCallback
                0x08001594        0x2 Drivers/STM32F3xx_HAL_Driver/Src/stm32f3xx_hal_uart.o
                0x08001594                HAL_UART_RxHalfCpltCallback
 .text.UART_DMARxHalfCplt
                0x08001596        0xa Drivers/STM32F3xx_HAL_Driver/Src/stm32f3xx_hal_uart.o
 .text.HAL_UART_ErrorCallback
                0x080015a0        0x2 Drivers/STM32F3xx_HAL_Driver/Src/stm32f3xx_hal_uart.o
                0x080015a0                HAL_UART_ErrorCallback
 .text.UART_DMAError
                0x080015a2       0x58 Drivers/STM32F3xx_HAL_Driver/Src/stm32f3xx_hal_uart.o
 *fill*         0x080015fa        0x2 
 .text.UART_SetConfig
                0x080015fc      0x2a0 Drivers/STM32F3xx_HAL_Driver/Src/stm32f3xx_hal_uart.o
                0x080015fc                UART_SetConfig
 .text.UART_AdvFeatureConfig
                0x0800189c       0xca Drivers/STM32F3xx_HAL_Driver/Src/stm32f3xx_hal_uart.o
                0x0800189c                UART_AdvFeatureConfig
 .text.UART_WaitOnFlagUntilTimeout
                0x08001966       0x62 Drivers/STM32F3xx_HAL_Driver/Src/stm32f3xx_hal_uart.o
                0x08001966                UART_WaitOnFlagUntilTimeout
 .text.HAL_UART_Transmit
                0x080019c8       0xce Drivers/STM32F3xx_HAL_Driver/Src/stm32f3xx_hal_uart.o
                0x080019c8                HAL_UART_Transmit
 .text.UART_CheckIdleState
                0x08001a96       0x70 Drivers/STM32F3xx_HAL_Driver/Src/stm32f3xx_hal_uart.o
                0x08001a96                UART_CheckIdleState
 .text.HAL_UART_Init
                0x08001b06       0x66 Drivers/STM32F3xx_HAL_Driver/Src/stm32f3xx_hal_uart.o
                0x08001b06                HAL_UART_Init
 .text.makeFreeRtosPriority
                0x08001b6c        0xc Middlewares/Third_Party/FreeRTOS/Source/CMSIS_RTOS/cmsis_os.o
 .text.inHandlerMode
                0x08001b78        0xc Middlewares/Third_Party/FreeRTOS/Source/CMSIS_RTOS/cmsis_os.o
 .text.osKernelStart
                0x08001b84        0xa Middlewares/Third_Party/FreeRTOS/Source/CMSIS_RTOS/cmsis_os.o
                0x08001b84                osKernelStart
 .text.osThreadCreate
                0x08001b8e       0x34 Middlewares/Third_Party/FreeRTOS/Source/CMSIS_RTOS/cmsis_os.o
                0x08001b8e                osThreadCreate
 .text.osDelay  0x08001bc2       0x12 Middlewares/Third_Party/FreeRTOS/Source/CMSIS_RTOS/cmsis_os.o
                0x08001bc2                osDelay
 .text.osTimerCreate
                0x08001bd4       0x28 Middlewares/Third_Party/FreeRTOS/Source/CMSIS_RTOS/cmsis_os.o
                0x08001bd4                osTimerCreate
 .text.osTimerStart
                0x08001bfc       0x6c Middlewares/Third_Party/FreeRTOS/Source/CMSIS_RTOS/cmsis_os.o
                0x08001bfc                osTimerStart
 .text.osSemaphoreCreate
                0x08001c68       0x26 Middlewares/Third_Party/FreeRTOS/Source/CMSIS_RTOS/cmsis_os.o
                0x08001c68                osSemaphoreCreate
 .text.osSystickHandler
                0x08001c8e       0x10 Middlewares/Third_Party/FreeRTOS/Source/CMSIS_RTOS/cmsis_os.o
                0x08001c8e                osSystickHandler
 .text.vListInitialise
                0x08001c9e       0x16 Middlewares/Third_Party/FreeRTOS/Source/list.o
                0x08001c9e                vListInitialise
 .text.vListInitialiseItem
                0x08001cb4        0x6 Middlewares/Third_Party/FreeRTOS/Source/list.o
                0x08001cb4                vListInitialiseItem
 .text.vListInsertEnd
                0x08001cba       0x18 Middlewares/Third_Party/FreeRTOS/Source/list.o
                0x08001cba                vListInsertEnd
 .text.vListInsert
                0x08001cd2       0x34 Middlewares/Third_Party/FreeRTOS/Source/list.o
                0x08001cd2                vListInsert
 .text.uxListRemove
                0x08001d06       0x26 Middlewares/Third_Party/FreeRTOS/Source/list.o
                0x08001d06                uxListRemove
 .text.prvIsQueueFull
                0x08001d2c       0x1e Middlewares/Third_Party/FreeRTOS/Source/queue.o
 .text.prvIsQueueEmpty
                0x08001d4a       0x1a Middlewares/Third_Party/FreeRTOS/Source/queue.o
 .text.prvCopyDataToQueue
                0x08001d64       0x76 Middlewares/Third_Party/FreeRTOS/Source/queue.o
 .text.prvCopyDataFromQueue
                0x08001dda       0x24 Middlewares/Third_Party/FreeRTOS/Source/queue.o
 .text.prvUnlockQueue
                0x08001dfe       0x6e Middlewares/Third_Party/FreeRTOS/Source/queue.o
 .text.xQueueGenericReset
                0x08001e6c       0x84 Middlewares/Third_Party/FreeRTOS/Source/queue.o
                0x08001e6c                xQueueGenericReset
 .text.prvInitialiseNewQueue
                0x08001ef0       0x1c Middlewares/Third_Party/FreeRTOS/Source/queue.o
 .text.xQueueGenericCreate
                0x08001f0c       0x48 Middlewares/Third_Party/FreeRTOS/Source/queue.o
                0x08001f0c                xQueueGenericCreate
 .text.xQueueGenericSend
                0x08001f54      0x17c Middlewares/Third_Party/FreeRTOS/Source/queue.o
                0x08001f54                xQueueGenericSend
 .text.xQueueGenericSendFromISR
                0x080020d0       0xcc Middlewares/Third_Party/FreeRTOS/Source/queue.o
                0x080020d0                xQueueGenericSendFromISR
 .text.xQueueGenericReceive
                0x0800219c      0x1a4 Middlewares/Third_Party/FreeRTOS/Source/queue.o
                0x0800219c                xQueueGenericReceive
 .text.vQueueAddToRegistry
                0x08002340       0x28 Middlewares/Third_Party/FreeRTOS/Source/queue.o
                0x08002340                vQueueAddToRegistry
 .text.vQueueWaitForMessageRestricted
                0x08002368       0x52 Middlewares/Third_Party/FreeRTOS/Source/queue.o
                0x08002368                vQueueWaitForMessageRestricted
 *fill*         0x080023ba        0x2 
 .text.prvResetNextTaskUnblockTime
                0x080023bc       0x24 Middlewares/Third_Party/FreeRTOS/Source/tasks.o
 .text.prvDeleteTCB
                0x080023e0       0x12 Middlewares/Third_Party/FreeRTOS/Source/tasks.o
 .text.prvInitialiseNewTask
                0x080023f2       0x80 Middlewares/Third_Party/FreeRTOS/Source/tasks.o
 *fill*         0x08002472        0x2 
 .text.prvInitialiseTaskLists
                0x08002474       0x58 Middlewares/Third_Party/FreeRTOS/Source/tasks.o
 .text.prvAddNewTaskToReadyList
                0x080024cc       0xac Middlewares/Third_Party/FreeRTOS/Source/tasks.o
 .text.prvAddCurrentTaskToDelayedList
                0x08002578       0x88 Middlewares/Third_Party/FreeRTOS/Source/tasks.o
 .text.xTaskCreate
                0x08002600       0x62 Middlewares/Third_Party/FreeRTOS/Source/tasks.o
                0x08002600                xTaskCreate
 *fill*         0x08002662        0x2 
 .text.vTaskStartScheduler
                0x08002664       0x7c Middlewares/Third_Party/FreeRTOS/Source/tasks.o
                0x08002664                vTaskStartScheduler
 .text.vTaskSuspendAll
                0x080026e0       0x14 Middlewares/Third_Party/FreeRTOS/Source/tasks.o
                0x080026e0                vTaskSuspendAll
 .text.xTaskGetTickCount
                0x080026f4        0xc Middlewares/Third_Party/FreeRTOS/Source/tasks.o
                0x080026f4                xTaskGetTickCount
 .text.xTaskIncrementTick
                0x08002700      0x10c Middlewares/Third_Party/FreeRTOS/Source/tasks.o
                0x08002700                xTaskIncrementTick
 .text.xTaskResumeAll
                0x0800280c       0xf0 Middlewares/Third_Party/FreeRTOS/Source/tasks.o
                0x0800280c                xTaskResumeAll
 .text.vTaskDelay
                0x080028fc       0x4c Middlewares/Third_Party/FreeRTOS/Source/tasks.o
                0x080028fc                vTaskDelay
 .text.prvCheckTasksWaitingTermination
                0x08002948       0x54 Middlewares/Third_Party/FreeRTOS/Source/tasks.o
 .text.prvIdleTask
                0x0800299c       0x28 Middlewares/Third_Party/FreeRTOS/Source/tasks.o
 .text.vTaskSwitchContext
                0x080029c4       0x90 Middlewares/Third_Party/FreeRTOS/Source/tasks.o
                0x080029c4                vTaskSwitchContext
 .text.vTaskPlaceOnEventList
                0x08002a54       0x34 Middlewares/Third_Party/FreeRTOS/Source/tasks.o
                0x08002a54                vTaskPlaceOnEventList
 .text.vTaskPlaceOnEventListRestricted
                0x08002a88       0x3c Middlewares/Third_Party/FreeRTOS/Source/tasks.o
                0x08002a88                vTaskPlaceOnEventListRestricted
 .text.xTaskRemoveFromEventList
                0x08002ac4       0x84 Middlewares/Third_Party/FreeRTOS/Source/tasks.o
                0x08002ac4                xTaskRemoveFromEventList
 .text.vTaskSetTimeOutState
                0x08002b48       0x28 Middlewares/Third_Party/FreeRTOS/Source/tasks.o
                0x08002b48                vTaskSetTimeOutState
 .text.xTaskCheckForTimeOut
                0x08002b70       0x80 Middlewares/Third_Party/FreeRTOS/Source/tasks.o
                0x08002b70                xTaskCheckForTimeOut
 .text.vTaskMissedYield
                0x08002bf0       0x10 Middlewares/Third_Party/FreeRTOS/Source/tasks.o
                0x08002bf0                vTaskMissedYield
 .text.xTaskGetSchedulerState
                0x08002c00       0x20 Middlewares/Third_Party/FreeRTOS/Source/tasks.o
                0x08002c00                xTaskGetSchedulerState
 .text.vTaskPriorityInherit
                0x08002c20       0xac Middlewares/Third_Party/FreeRTOS/Source/tasks.o
                0x08002c20                vTaskPriorityInherit
 .text.xTaskPriorityDisinherit
                0x08002ccc       0xb0 Middlewares/Third_Party/FreeRTOS/Source/tasks.o
                0x08002ccc                xTaskPriorityDisinherit
 .text.pvTaskIncrementMutexHeldCount
                0x08002d7c       0x20 Middlewares/Third_Party/FreeRTOS/Source/tasks.o
                0x08002d7c                pvTaskIncrementMutexHeldCount
 .text.prvGetNextExpireTime
                0x08002d9c       0x20 Middlewares/Third_Party/FreeRTOS/Source/timers.o
 .text.prvInsertTimerInActiveList
                0x08002dbc       0x44 Middlewares/Third_Party/FreeRTOS/Source/timers.o
 .text.prvCheckForValidListAndQueue
                0x08002e00       0x4c Middlewares/Third_Party/FreeRTOS/Source/timers.o
 .text.prvInitialiseNewTimer
                0x08002e4c       0x40 Middlewares/Third_Party/FreeRTOS/Source/timers.o
 .text.xTimerCreateTimerTask
                0x08002e8c       0x50 Middlewares/Third_Party/FreeRTOS/Source/timers.o
                0x08002e8c                xTimerCreateTimerTask
 .text.xTimerCreate
                0x08002edc       0x32 Middlewares/Third_Party/FreeRTOS/Source/timers.o
                0x08002edc                xTimerCreate
 *fill*         0x08002f0e        0x2 
 .text.xTimerGenericCommand
                0x08002f10       0x6c Middlewares/Third_Party/FreeRTOS/Source/timers.o
                0x08002f10                xTimerGenericCommand
 .text.prvSwitchTimerLists
                0x08002f7c       0x88 Middlewares/Third_Party/FreeRTOS/Source/timers.o
 .text.prvSampleTimeNow
                0x08003004       0x2c Middlewares/Third_Party/FreeRTOS/Source/timers.o
 .text.prvProcessExpiredTimer
                0x08003030       0x60 Middlewares/Third_Party/FreeRTOS/Source/timers.o
 .text.prvProcessTimerOrBlockTask
                0x08003090       0x70 Middlewares/Third_Party/FreeRTOS/Source/timers.o
 .text.prvProcessReceivedCommands
                0x08003100       0xe4 Middlewares/Third_Party/FreeRTOS/Source/timers.o
 .text.prvTimerTask
                0x080031e4       0x16 Middlewares/Third_Party/FreeRTOS/Source/timers.o
 *fill*         0x080031fa        0x2 
 .text.prvTaskExitError
                0x080031fc       0x34 Middlewares/Third_Party/FreeRTOS/Source/portable/GCC/ARM_CM4F/port.o
 .text.prvPortStartFirstTask
                0x08003230       0x20 Middlewares/Third_Party/FreeRTOS/Source/portable/GCC/ARM_CM4F/port.o
 .text.vPortEnableVFP
                0x08003250       0x14 Middlewares/Third_Party/FreeRTOS/Source/portable/GCC/ARM_CM4F/port.o
 .text.pxPortInitialiseStack
                0x08003264       0x2c Middlewares/Third_Party/FreeRTOS/Source/portable/GCC/ARM_CM4F/port.o
                0x08003264                pxPortInitialiseStack
 .text.SVC_Handler
                0x08003290       0x24 Middlewares/Third_Party/FreeRTOS/Source/portable/GCC/ARM_CM4F/port.o
                0x08003290                SVC_Handler
 .text.vPortEnterCritical
                0x080032b4       0x44 Middlewares/Third_Party/FreeRTOS/Source/portable/GCC/ARM_CM4F/port.o
                0x080032b4                vPortEnterCritical
 .text.vPortExitCritical
                0x080032f8       0x2c Middlewares/Third_Party/FreeRTOS/Source/portable/GCC/ARM_CM4F/port.o
                0x080032f8                vPortExitCritical
 *fill*         0x08003324        0xc 
 .text.PendSV_Handler
                0x08003330       0x64 Middlewares/Third_Party/FreeRTOS/Source/portable/GCC/ARM_CM4F/port.o
                0x08003330                PendSV_Handler
 .text.xPortSysTickHandler
                0x08003394       0x2c Middlewares/Third_Party/FreeRTOS/Source/portable/GCC/ARM_CM4F/port.o
                0x08003394                xPortSysTickHandler
 .text.vPortSetupTimerInterrupt
                0x080033c0       0x2c Middlewares/Third_Party/FreeRTOS/Source/portable/GCC/ARM_CM4F/port.o
                0x080033c0                vPortSetupTimerInterrupt
 .text.xPortStartScheduler
                0x080033ec       0xe8 Middlewares/Third_Party/FreeRTOS/Source/portable/GCC/ARM_CM4F/port.o
                0x080033ec                xPortStartScheduler
 .text.vPortValidateInterruptPriority
                0x080034d4       0x58 Middlewares/Third_Party/FreeRTOS/Source/portable/GCC/ARM_CM4F/port.o
                0x080034d4                vPortValidateInterruptPriority
 .text.prvHeapInit
                0x0800352c       0x4c Middlewares/Third_Party/FreeRTOS/Source/portable/MemMang/heap_4.o
 .text.prvInsertBlockIntoFreeList
                0x08003578       0x54 Middlewares/Third_Party/FreeRTOS/Source/portable/MemMang/heap_4.o
 .text.pvPortMalloc
                0x080035cc       0xf4 Middlewares/Third_Party/FreeRTOS/Source/portable/MemMang/heap_4.o
                0x080035cc                pvPortMalloc
 .text.vPortFree
                0x080036c0       0x6c Middlewares/Third_Party/FreeRTOS/Source/portable/MemMang/heap_4.o
                0x080036c0                vPortFree
 .text.MX_GPIO_Init
                0x0800372c      0x130 Src/main.o
 .text.MX_DMA_Init
                0x0800385c       0x34 Src/main.o
 .text.StartDefaultTask
                0x08003890       0x1c Src/main.o
                0x08003890                StartDefaultTask
 .text.RefreshCall
                0x080038ac       0x70 Src/main.o
                0x080038ac                RefreshCall
 .text.buzToggle
                0x0800391c       0x6c Src/main.o
                0x0800391c                buzToggle
 .text.Callback03
                0x08003988       0x18 Src/main.o
                0x08003988                Callback03
 .text.HAL_UART_RxCpltCallback
                0x080039a0       0x34 Src/main.o
                0x080039a0                HAL_UART_RxCpltCallback
 .text.HAL_TIM_PeriodElapsedCallback
                0x080039d4       0x18 Src/main.o
                0x080039d4                HAL_TIM_PeriodElapsedCallback
 .text._Error_Handler
                0x080039ec        0x2 Src/main.o
                0x080039ec                _Error_Handler
 *fill*         0x080039ee        0x2 
 .text.MX_USART2_UART_Init
                0x080039f0       0x40 Src/main.o
 .text.SystemClock_Config
                0x08003a30       0x9c Src/main.o
                0x08003a30                SystemClock_Config
 .text.main     0x08003acc       0xc8 Src/main.o
                0x08003acc                main
 .text.HAL_MspInit
                0x08003b94       0x90 Src/stm32f3xx_hal_msp.o
                0x08003b94                HAL_MspInit
 .text.HAL_UART_MspInit
                0x08003c24       0x88 Src/stm32f3xx_hal_msp.o
                0x08003c24                HAL_UART_MspInit
 .text.HAL_InitTick
                0x08003cac       0x78 Src/stm32f3xx_hal_timebase_TIM.o
                0x08003cac                HAL_InitTick
 .text.SysTick_Handler
                0x08003d24        0x8 Src/stm32f3xx_it.o
                0x08003d24                SysTick_Handler
 .text.DMA1_Channel6_IRQHandler
                0x08003d2c       0x10 Src/stm32f3xx_it.o
                0x08003d2c                DMA1_Channel6_IRQHandler
 .text.TIM1_UP_TIM16_IRQHandler
                0x08003d3c       0x10 Src/stm32f3xx_it.o
                0x08003d3c                TIM1_UP_TIM16_IRQHandler
 .text.SystemInit
                0x08003d4c       0x68 Src/system_stm32f3xx.o
                0x08003d4c                SystemInit
 .text.Reset_Handler
                0x08003db4       0x50 startup/startup_stm32f303xc.o
                0x08003db4                Reset_Handler
 .text.Default_Handler
                0x08003e04        0x2 startup/startup_stm32f303xc.o
                0x08003e04                RTC_Alarm_IRQHandler
                0x08003e04                TIM8_TRG_COM_IRQHandler
                0x08003e04                TIM8_CC_IRQHandler
                0x08003e04                DebugMon_Handler
                0x08003e04                TIM1_CC_IRQHandler
                0x08003e04                HardFault_Handler
                0x08003e04                USB_HP_IRQHandler
                0x08003e04                PVD_IRQHandler
                0x08003e04                TAMP_STAMP_IRQHandler
                0x08003e04                NMI_Handler
                0x08003e04                EXTI3_IRQHandler
                0x08003e04                USB_HP_CAN_TX_IRQHandler
                0x08003e04                EXTI0_IRQHandler
                0x08003e04                I2C2_EV_IRQHandler
                0x08003e04                FPU_IRQHandler
                0x08003e04                UsageFault_Handler
                0x08003e04                ADC1_2_IRQHandler
                0x08003e04                SPI1_IRQHandler
                0x08003e04                CAN_SCE_IRQHandler
                0x08003e04                TIM6_DAC_IRQHandler
                0x08003e04                TIM8_UP_IRQHandler
                0x08003e04                DMA2_Channel2_IRQHandler
                0x08003e04                DMA1_Channel4_IRQHandler
                0x08003e04                USART3_IRQHandler
                0x08003e04                DMA1_Channel7_IRQHandler
                0x08003e04                UART5_IRQHandler
                0x08003e04                ADC3_IRQHandler
                0x08003e04                TIM4_IRQHandler
                0x08003e04                CAN_RX1_IRQHandler
                0x08003e04                DMA2_Channel1_IRQHandler
                0x08003e04                I2C1_EV_IRQHandler
                0x08003e04                UART4_IRQHandler
                0x08003e04                DMA2_Channel4_IRQHandler
                0x08003e04                TIM3_IRQHandler
                0x08003e04                RCC_IRQHandler
                0x08003e04                DMA1_Channel1_IRQHandler
                0x08003e04                Default_Handler
                0x08003e04                USBWakeUp_RMP_IRQHandler
                0x08003e04                EXTI15_10_IRQHandler
                0x08003e04                TIM7_IRQHandler
                0x08003e04                EXTI9_5_IRQHandler
                0x08003e04                RTC_WKUP_IRQHandler
                0x08003e04                SPI2_IRQHandler
                0x08003e04                USB_LP_CAN_RX0_IRQHandler
                0x08003e04                MemManage_Handler
                0x08003e04                DMA2_Channel5_IRQHandler
                0x08003e04                DMA1_Channel5_IRQHandler
                0x08003e04                USB_LP_IRQHandler
                0x08003e04                EXTI4_IRQHandler
                0x08003e04                TIM1_TRG_COM_TIM17_IRQHandler
                0x08003e04                DMA1_Channel3_IRQHandler
                0x08003e04                ADC4_IRQHandler
                0x08003e04                WWDG_IRQHandler
                0x08003e04                TIM2_IRQHandler
                0x08003e04                COMP7_IRQHandler
                0x08003e04                COMP1_2_3_IRQHandler
                0x08003e04                EXTI1_IRQHandler
                0x08003e04                USART2_IRQHandler
                0x08003e04                COMP4_5_6_IRQHandler
                0x08003e04                I2C2_ER_IRQHandler
                0x08003e04                DMA1_Channel2_IRQHandler
                0x08003e04                TIM8_BRK_IRQHandler
                0x08003e04                FLASH_IRQHandler
                0x08003e04                BusFault_Handler
                0x08003e04                USART1_IRQHandler
                0x08003e04                SPI3_IRQHandler
                0x08003e04                I2C1_ER_IRQHandler
                0x08003e04                USBWakeUp_IRQHandler
                0x08003e04                DMA2_Channel3_IRQHandler
                0x08003e04                EXTI2_TSC_IRQHandler
                0x08003e04                TIM1_BRK_TIM15_IRQHandler
 *fill*         0x08003e06        0x2 
 .text.__libc_init_array
                0x08003e08       0x48 e:/ac6/systemworkbench/plugins/fr.ac6.mcu.externaltools.arm-none.win32_1.16.0.201807130628/tools/compiler/bin/../lib/gcc/arm-none-eabi/7.2.1/../../../../arm-none-eabi/lib/thumb/v7e-m/fpv4-sp/hard\libc_nano.a(lib_a-init.o)
                0x08003e08                __libc_init_array
 .text.memcpy   0x08003e50       0x16 e:/ac6/systemworkbench/plugins/fr.ac6.mcu.externaltools.arm-none.win32_1.16.0.201807130628/tools/compiler/bin/../lib/gcc/arm-none-eabi/7.2.1/../../../../arm-none-eabi/lib/thumb/v7e-m/fpv4-sp/hard\libc_nano.a(lib_a-memcpy-stub.o)
                0x08003e50                memcpy
 *(.glue_7)
 .glue_7        0x08003e66        0x0 linker stubs
 *(.glue_7t)
 .glue_7t       0x08003e66        0x0 linker stubs
 *(.eh_frame)
 *fill*         0x08003e66        0x2 
 .eh_frame      0x08003e68        0x0 e:/ac6/systemworkbench/plugins/fr.ac6.mcu.externaltools.arm-none.win32_1.16.0.201807130628/tools/compiler/bin/../lib/gcc/arm-none-eabi/7.2.1/thumb/v7e-m/fpv4-sp/hard/crtbegin.o
 *(.init)
 .init          0x08003e68        0x4 e:/ac6/systemworkbench/plugins/fr.ac6.mcu.externaltools.arm-none.win32_1.16.0.201807130628/tools/compiler/bin/../lib/gcc/arm-none-eabi/7.2.1/thumb/v7e-m/fpv4-sp/hard/crti.o
                0x08003e68                _init
 .init          0x08003e6c        0x8 e:/ac6/systemworkbench/plugins/fr.ac6.mcu.externaltools.arm-none.win32_1.16.0.201807130628/tools/compiler/bin/../lib/gcc/arm-none-eabi/7.2.1/thumb/v7e-m/fpv4-sp/hard/crtn.o
 *(.fini)
 .fini          0x08003e74        0x4 e:/ac6/systemworkbench/plugins/fr.ac6.mcu.externaltools.arm-none.win32_1.16.0.201807130628/tools/compiler/bin/../lib/gcc/arm-none-eabi/7.2.1/thumb/v7e-m/fpv4-sp/hard/crti.o
                0x08003e74                _fini
 .fini          0x08003e78        0x8 e:/ac6/systemworkbench/plugins/fr.ac6.mcu.externaltools.arm-none.win32_1.16.0.201807130628/tools/compiler/bin/../lib/gcc/arm-none-eabi/7.2.1/thumb/v7e-m/fpv4-sp/hard/crtn.o
                0x08003e80                . = ALIGN (0x4)
                0x08003e80                _etext = .

.vfp11_veneer   0x08003e80        0x0
 .vfp11_veneer  0x08003e80        0x0 linker stubs

.v4_bx          0x08003e80        0x0
 .v4_bx         0x08003e80        0x0 linker stubs

.iplt           0x08003e80        0x0
 .iplt          0x08003e80        0x0 e:/ac6/systemworkbench/plugins/fr.ac6.mcu.externaltools.arm-none.win32_1.16.0.201807130628/tools/compiler/bin/../lib/gcc/arm-none-eabi/7.2.1/thumb/v7e-m/fpv4-sp/hard/crtbegin.o

.rodata         0x08003e80       0x9c
                0x08003e80                . = ALIGN (0x4)
 *(.rodata)
 .rodata        0x08003e80       0x20 Drivers/STM32F3xx_HAL_Driver/Src/stm32f3xx_hal_rcc.o
                0x08003e80                aPLLMULFactorTable
                0x08003e90                aPredivFactorTable
 .rodata        0x08003ea0       0x14 Src/main.o
 .rodata        0x08003eb4       0x18 Src/system_stm32f3xx.o
                0x08003eb4                AHBPrescTable
                0x08003ec4                APBPrescTable
 *(.rodata*)
 .rodata.str1.4
                0x08003ecc        0x0 Middlewares/Third_Party/FreeRTOS/Source/CMSIS_RTOS/cmsis_os.o
                                  0x1 (size before relaxing)
 .rodata.str1.4
                0x08003ecc        0x5 Middlewares/Third_Party/FreeRTOS/Source/tasks.o
 *fill*         0x08003ed1        0x3 
 .rodata.str1.4
                0x08003ed4       0x10 Middlewares/Third_Party/FreeRTOS/Source/timers.o
 .rodata.str1.4
                0x08003ee4       0x1c Src/main.o
 .rodata.str1.4
                0x08003f00       0x1c Src/stm32f3xx_hal_msp.o
                                 0x1b (size before relaxing)
                0x08003f1c                . = ALIGN (0x4)

.rel.dyn        0x08003f1c        0x0
 .rel.iplt      0x08003f1c        0x0 e:/ac6/systemworkbench/plugins/fr.ac6.mcu.externaltools.arm-none.win32_1.16.0.201807130628/tools/compiler/bin/../lib/gcc/arm-none-eabi/7.2.1/thumb/v7e-m/fpv4-sp/hard/crtbegin.o

.ARM.extab
 *(.ARM.extab* .gnu.linkonce.armextab.*)

.ARM            0x08003f1c        0x0
                0x08003f1c                __exidx_start = .
 *(.ARM.exidx*)
                0x08003f1c                __exidx_end = .

.preinit_array  0x08003f1c        0x0
                0x08003f1c                PROVIDE (__preinit_array_start, .)
 *(.preinit_array*)
                0x08003f1c                PROVIDE (__preinit_array_end, .)

.init_array     0x08003f1c        0x4
                0x08003f1c                PROVIDE (__init_array_start, .)
 *(SORT_BY_NAME(.init_array.*))
 *(.init_array*)
 .init_array    0x08003f1c        0x4 e:/ac6/systemworkbench/plugins/fr.ac6.mcu.externaltools.arm-none.win32_1.16.0.201807130628/tools/compiler/bin/../lib/gcc/arm-none-eabi/7.2.1/thumb/v7e-m/fpv4-sp/hard/crtbegin.o
                0x08003f20                PROVIDE (__init_array_end, .)

.fini_array     0x08003f20        0x4
                [!provide]                PROVIDE (__fini_array_start, .)
 *(SORT_BY_NAME(.fini_array.*))
 *(.fini_array*)
 .fini_array    0x08003f20        0x4 e:/ac6/systemworkbench/plugins/fr.ac6.mcu.externaltools.arm-none.win32_1.16.0.201807130628/tools/compiler/bin/../lib/gcc/arm-none-eabi/7.2.1/thumb/v7e-m/fpv4-sp/hard/crtbegin.o
                [!provide]                PROVIDE (__fini_array_end, .)
                0x08003f24                _sidata = LOADADDR (.data)

.data           0x20000000       0x14 load address 0x08003f24
                0x20000000                . = ALIGN (0x4)
                0x20000000                _sdata = .
 *(.data)
 .data          0x20000000        0x8 Drivers/STM32F3xx_HAL_Driver/Src/stm32f3xx_hal.o
                0x20000000                uwTickFreq
                0x20000004                uwTickPrio
 .data          0x20000008        0x4 Middlewares/Third_Party/FreeRTOS/Source/portable/GCC/ARM_CM4F/port.o
 .data          0x2000000c        0x4 Src/main.o
                0x2000000c                sensornum
 .data          0x20000010        0x4 Src/system_stm32f3xx.o
                0x20000010                SystemCoreClock
 *(.data*)
                0x20000014                . = ALIGN (0x4)
                0x20000014                _edata = .
                0x08003f38                _siccmram = LOADADDR (.ccmram)

.igot.plt       0x20000014        0x0 load address 0x08003f38
 .igot.plt      0x20000014        0x0 e:/ac6/systemworkbench/plugins/fr.ac6.mcu.externaltools.arm-none.win32_1.16.0.201807130628/tools/compiler/bin/../lib/gcc/arm-none-eabi/7.2.1/thumb/v7e-m/fpv4-sp/hard/crtbegin.o

.ccmram         0x10000000        0x0 load address 0x08003f38
                0x10000000                . = ALIGN (0x4)
                0x10000000                _sccmram = .
 *(.ccmram)
 *(.ccmram*)
                0x10000000                . = ALIGN (0x4)
                0x10000000                _eccmram = .
                0x10000000                . = ALIGN (0x4)

.bss            0x20000014     0x2308
                0x20000014                _sbss = .
                0x20000014                __bss_start__ = _sbss
 *(.bss)
 .bss           0x20000014       0x1c e:/ac6/systemworkbench/plugins/fr.ac6.mcu.externaltools.arm-none.win32_1.16.0.201807130628/tools/compiler/bin/../lib/gcc/arm-none-eabi/7.2.1/thumb/v7e-m/fpv4-sp/hard/crtbegin.o
 .bss           0x20000030      0x12c Middlewares/Third_Party/FreeRTOS/Source/tasks.o
                0x20000130                pxCurrentTCB
 .bss           0x2000015c       0x3c Middlewares/Third_Party/FreeRTOS/Source/timers.o
 .bss           0x20000198        0x8 Middlewares/Third_Party/FreeRTOS/Source/portable/GCC/ARM_CM4F/port.o
 .bss           0x200001a0     0x2018 Middlewares/Third_Party/FreeRTOS/Source/portable/MemMang/heap_4.o
 .bss           0x200021b8        0x1 Src/main.o
                0x200021b8                tog
 *(.bss*)
 *(COMMON)
 *fill*         0x200021b9        0x3 
 COMMON         0x200021bc        0x4 Drivers/STM32F3xx_HAL_Driver/Src/stm32f3xx_hal.o
                0x200021bc                uwTick
 COMMON         0x200021c0       0x40 Middlewares/Third_Party/FreeRTOS/Source/queue.o
                0x200021c0                xQueueRegistry
 COMMON         0x20002200       0xdc Src/main.o
                0x20002200                inboundRecive
                0x20002204                hdma_usart2_rx
                0x20002248                BuzzertogglerHandle
                0x2000224c                UartSenderHandle
                0x20002250                sensorStatus
                0x20002258                RefresherHandle
                0x2000225c                sensorAlarm
                0x20002264                myBinarySem01Handle
                0x20002268                UartReciverHandle
                0x2000226c                huart2
 COMMON         0x200022dc       0x40 Src/stm32f3xx_hal_timebase_TIM.o
                0x200022dc                htim1
                0x2000231c                . = ALIGN (0x4)
                0x2000231c                _ebss = .
                0x2000231c                __bss_end__ = _ebss

._user_heap_stack
                0x2000231c      0x604
                0x20002320                . = ALIGN (0x8)
 *fill*         0x2000231c        0x4 
                [!provide]                PROVIDE (end, .)
                [!provide]                PROVIDE (_end, .)
                0x20002520                . = (. + _Min_Heap_Size)
 *fill*         0x20002320      0x200 
                0x20002920                . = (. + _Min_Stack_Size)
 *fill*         0x20002520      0x400 
                0x20002920                . = ALIGN (0x8)

/DISCARD/
 libc.a(*)
 libm.a(*)
 libgcc.a(*)

.ARM.attributes
                0x00000000       0x30
 *(.ARM.attributes)
 .ARM.attributes
                0x00000000       0x22 e:/ac6/systemworkbench/plugins/fr.ac6.mcu.externaltools.arm-none.win32_1.16.0.201807130628/tools/compiler/bin/../lib/gcc/arm-none-eabi/7.2.1/thumb/v7e-m/fpv4-sp/hard/crti.o
 .ARM.attributes
                0x00000022       0x34 e:/ac6/systemworkbench/plugins/fr.ac6.mcu.externaltools.arm-none.win32_1.16.0.201807130628/tools/compiler/bin/../lib/gcc/arm-none-eabi/7.2.1/thumb/v7e-m/fpv4-sp/hard/crtbegin.o
 .ARM.attributes
                0x00000056       0x39 Drivers/STM32F3xx_HAL_Driver/Src/stm32f3xx_hal.o
 .ARM.attributes
                0x0000008f       0x39 Drivers/STM32F3xx_HAL_Driver/Src/stm32f3xx_hal_cortex.o
 .ARM.attributes
                0x000000c8       0x39 Drivers/STM32F3xx_HAL_Driver/Src/stm32f3xx_hal_dma.o
 .ARM.attributes
                0x00000101       0x39 Drivers/STM32F3xx_HAL_Driver/Src/stm32f3xx_hal_gpio.o
 .ARM.attributes
                0x0000013a       0x39 Drivers/STM32F3xx_HAL_Driver/Src/stm32f3xx_hal_rcc.o
 .ARM.attributes
                0x00000173       0x39 Drivers/STM32F3xx_HAL_Driver/Src/stm32f3xx_hal_rcc_ex.o
 .ARM.attributes
                0x000001ac       0x39 Drivers/STM32F3xx_HAL_Driver/Src/stm32f3xx_hal_tim.o
 .ARM.attributes
                0x000001e5       0x39 Drivers/STM32F3xx_HAL_Driver/Src/stm32f3xx_hal_tim_ex.o
 .ARM.attributes
                0x0000021e       0x39 Drivers/STM32F3xx_HAL_Driver/Src/stm32f3xx_hal_uart.o
 .ARM.attributes
                0x00000257       0x39 Middlewares/Third_Party/FreeRTOS/Source/CMSIS_RTOS/cmsis_os.o
 .ARM.attributes
                0x00000290       0x39 Middlewares/Third_Party/FreeRTOS/Source/list.o
 .ARM.attributes
                0x000002c9       0x39 Middlewares/Third_Party/FreeRTOS/Source/queue.o
 .ARM.attributes
                0x00000302       0x39 Middlewares/Third_Party/FreeRTOS/Source/tasks.o
 .ARM.attributes
                0x0000033b       0x39 Middlewares/Third_Party/FreeRTOS/Source/timers.o
 .ARM.attributes
                0x00000374       0x39 Middlewares/Third_Party/FreeRTOS/Source/portable/GCC/ARM_CM4F/port.o
 .ARM.attributes
                0x000003ad       0x39 Middlewares/Third_Party/FreeRTOS/Source/portable/MemMang/heap_4.o
 .ARM.attributes
                0x000003e6       0x39 Src/main.o
 .ARM.attributes
                0x0000041f       0x39 Src/stm32f3xx_hal_msp.o
 .ARM.attributes
                0x00000458       0x39 Src/stm32f3xx_hal_timebase_TIM.o
 .ARM.attributes
                0x00000491       0x39 Src/stm32f3xx_it.o
 .ARM.attributes
                0x000004ca       0x39 Src/system_stm32f3xx.o
 .ARM.attributes
                0x00000503       0x21 startup/startup_stm32f303xc.o
 .ARM.attributes
                0x00000524       0x34 e:/ac6/systemworkbench/plugins/fr.ac6.mcu.externaltools.arm-none.win32_1.16.0.201807130628/tools/compiler/bin/../lib/gcc/arm-none-eabi/7.2.1/../../../../arm-none-eabi/lib/thumb/v7e-m/fpv4-sp/hard\libc_nano.a(lib_a-init.o)
 .ARM.attributes
                0x00000558       0x34 e:/ac6/systemworkbench/plugins/fr.ac6.mcu.externaltools.arm-none.win32_1.16.0.201807130628/tools/compiler/bin/../lib/gcc/arm-none-eabi/7.2.1/../../../../arm-none-eabi/lib/thumb/v7e-m/fpv4-sp/hard\libc_nano.a(lib_a-memcpy-stub.o)
 .ARM.attributes
                0x0000058c       0x22 e:/ac6/systemworkbench/plugins/fr.ac6.mcu.externaltools.arm-none.win32_1.16.0.201807130628/tools/compiler/bin/../lib/gcc/arm-none-eabi/7.2.1/thumb/v7e-m/fpv4-sp/hard/crtn.o
OUTPUT(FinalTest2.elf elf32-littlearm)

.debug_info     0x00000000    0x1f5ad
 .debug_info    0x00000000     0x10a0 Drivers/STM32F3xx_HAL_Driver/Src/stm32f3xx_hal.o
 .debug_info    0x000010a0     0x1714 Drivers/STM32F3xx_HAL_Driver/Src/stm32f3xx_hal_cortex.o
 .debug_info    0x000027b4     0x10a1 Drivers/STM32F3xx_HAL_Driver/Src/stm32f3xx_hal_dma.o
 .debug_info    0x00003855      0xf42 Drivers/STM32F3xx_HAL_Driver/Src/stm32f3xx_hal_gpio.o
 .debug_info    0x00004797     0x1c80 Drivers/STM32F3xx_HAL_Driver/Src/stm32f3xx_hal_rcc.o
 .debug_info    0x00006417      0xfd5 Drivers/STM32F3xx_HAL_Driver/Src/stm32f3xx_hal_rcc_ex.o
 .debug_info    0x000073ec     0x3821 Drivers/STM32F3xx_HAL_Driver/Src/stm32f3xx_hal_tim.o
 .debug_info    0x0000ac0d     0x1ee5 Drivers/STM32F3xx_HAL_Driver/Src/stm32f3xx_hal_tim_ex.o
 .debug_info    0x0000caf2     0x2235 Drivers/STM32F3xx_HAL_Driver/Src/stm32f3xx_hal_uart.o
 .debug_info    0x0000ed27     0x2466 Middlewares/Third_Party/FreeRTOS/Source/CMSIS_RTOS/cmsis_os.o
 .debug_info    0x0001118d      0xacd Middlewares/Third_Party/FreeRTOS/Source/list.o
 .debug_info    0x00011c5a     0x2027 Middlewares/Third_Party/FreeRTOS/Source/queue.o
 .debug_info    0x00013c81     0x29b4 Middlewares/Third_Party/FreeRTOS/Source/tasks.o
 .debug_info    0x00016635     0x1872 Middlewares/Third_Party/FreeRTOS/Source/timers.o
 .debug_info    0x00017ea7      0x532 Middlewares/Third_Party/FreeRTOS/Source/portable/GCC/ARM_CM4F/port.o
 .debug_info    0x000183d9      0xc71 Middlewares/Third_Party/FreeRTOS/Source/portable/MemMang/heap_4.o
 .debug_info    0x0001904a     0x2253 Src/main.o
 .debug_info    0x0001b29d     0x14c5 Src/stm32f3xx_hal_msp.o
 .debug_info    0x0001c762     0x12d8 Src/stm32f3xx_hal_timebase_TIM.o
 .debug_info    0x0001da3a      0xecf Src/stm32f3xx_it.o
 .debug_info    0x0001e909      0xc82 Src/system_stm32f3xx.o
 .debug_info    0x0001f58b       0x22 startup/startup_stm32f303xc.o

.debug_abbrev   0x00000000     0x3cf2
 .debug_abbrev  0x00000000      0x2e1 Drivers/STM32F3xx_HAL_Driver/Src/stm32f3xx_hal.o
 .debug_abbrev  0x000002e1      0x3ba Drivers/STM32F3xx_HAL_Driver/Src/stm32f3xx_hal_cortex.o
 .debug_abbrev  0x0000069b      0x2d6 Drivers/STM32F3xx_HAL_Driver/Src/stm32f3xx_hal_dma.o
 .debug_abbrev  0x00000971      0x2a7 Drivers/STM32F3xx_HAL_Driver/Src/stm32f3xx_hal_gpio.o
 .debug_abbrev  0x00000c18      0x365 Drivers/STM32F3xx_HAL_Driver/Src/stm32f3xx_hal_rcc.o
 .debug_abbrev  0x00000f7d      0x336 Drivers/STM32F3xx_HAL_Driver/Src/stm32f3xx_hal_rcc_ex.o
 .debug_abbrev  0x000012b3      0x2e0 Drivers/STM32F3xx_HAL_Driver/Src/stm32f3xx_hal_tim.o
 .debug_abbrev  0x00001593      0x2e0 Drivers/STM32F3xx_HAL_Driver/Src/stm32f3xx_hal_tim_ex.o
 .debug_abbrev  0x00001873      0x2eb Drivers/STM32F3xx_HAL_Driver/Src/stm32f3xx_hal_uart.o
 .debug_abbrev  0x00001b5e      0x3d4 Middlewares/Third_Party/FreeRTOS/Source/CMSIS_RTOS/cmsis_os.o
 .debug_abbrev  0x00001f32      0x21c Middlewares/Third_Party/FreeRTOS/Source/list.o
 .debug_abbrev  0x0000214e      0x385 Middlewares/Third_Party/FreeRTOS/Source/queue.o
 .debug_abbrev  0x000024d3      0x3cf Middlewares/Third_Party/FreeRTOS/Source/tasks.o
 .debug_abbrev  0x000028a2      0x2ef Middlewares/Third_Party/FreeRTOS/Source/timers.o
 .debug_abbrev  0x00002b91      0x216 Middlewares/Third_Party/FreeRTOS/Source/portable/GCC/ARM_CM4F/port.o
 .debug_abbrev  0x00002da7      0x318 Middlewares/Third_Party/FreeRTOS/Source/portable/MemMang/heap_4.o
 .debug_abbrev  0x000030bf      0x301 Src/main.o
 .debug_abbrev  0x000033c0      0x25f Src/stm32f3xx_hal_msp.o
 .debug_abbrev  0x0000361f      0x299 Src/stm32f3xx_hal_timebase_TIM.o
 .debug_abbrev  0x000038b8      0x209 Src/stm32f3xx_it.o
 .debug_abbrev  0x00003ac1      0x21f Src/system_stm32f3xx.o
 .debug_abbrev  0x00003ce0       0x12 startup/startup_stm32f303xc.o

.debug_loc      0x00000000     0xcc32
 .debug_loc     0x00000000       0xfd Drivers/STM32F3xx_HAL_Driver/Src/stm32f3xx_hal.o
 .debug_loc     0x000000fd      0x5ce Drivers/STM32F3xx_HAL_Driver/Src/stm32f3xx_hal_cortex.o
 .debug_loc     0x000006cb      0x7aa Drivers/STM32F3xx_HAL_Driver/Src/stm32f3xx_hal_dma.o
 .debug_loc     0x00000e75      0x361 Drivers/STM32F3xx_HAL_Driver/Src/stm32f3xx_hal_gpio.o
 .debug_loc     0x000011d6      0x946 Drivers/STM32F3xx_HAL_Driver/Src/stm32f3xx_hal_rcc.o
 .debug_loc     0x00001b1c      0x82d Drivers/STM32F3xx_HAL_Driver/Src/stm32f3xx_hal_rcc_ex.o
 .debug_loc     0x00002349     0x36ec Drivers/STM32F3xx_HAL_Driver/Src/stm32f3xx_hal_tim.o
 .debug_loc     0x00005a35     0x19b9 Drivers/STM32F3xx_HAL_Driver/Src/stm32f3xx_hal_tim_ex.o
 .debug_loc     0x000073ee     0x1776 Drivers/STM32F3xx_HAL_Driver/Src/stm32f3xx_hal_uart.o
 .debug_loc     0x00008b64      0xfbd Middlewares/Third_Party/FreeRTOS/Source/CMSIS_RTOS/cmsis_os.o
 .debug_loc     0x00009b21       0x70 Middlewares/Third_Party/FreeRTOS/Source/list.o
 .debug_loc     0x00009b91      0xe3b Middlewares/Third_Party/FreeRTOS/Source/queue.o
 .debug_loc     0x0000a9cc     0x1265 Middlewares/Third_Party/FreeRTOS/Source/tasks.o
 .debug_loc     0x0000bc31      0x99e Middlewares/Third_Party/FreeRTOS/Source/timers.o
 .debug_loc     0x0000c5cf       0xdc Middlewares/Third_Party/FreeRTOS/Source/portable/GCC/ARM_CM4F/port.o
 .debug_loc     0x0000c6ab      0x291 Middlewares/Third_Party/FreeRTOS/Source/portable/MemMang/heap_4.o
 .debug_loc     0x0000c93c      0x134 Src/main.o
 .debug_loc     0x0000ca70       0x4a Src/stm32f3xx_hal_msp.o
 .debug_loc     0x0000caba       0x79 Src/stm32f3xx_hal_timebase_TIM.o
 .debug_loc     0x0000cb33       0xff Src/system_stm32f3xx.o

.debug_aranges  0x00000000     0x1180
 .debug_aranges
                0x00000000       0xe0 Drivers/STM32F3xx_HAL_Driver/Src/stm32f3xx_hal.o
 .debug_aranges
                0x000000e0       0xa8 Drivers/STM32F3xx_HAL_Driver/Src/stm32f3xx_hal_cortex.o
 .debug_aranges
                0x00000188       0x88 Drivers/STM32F3xx_HAL_Driver/Src/stm32f3xx_hal_dma.o
 .debug_aranges
                0x00000210       0x58 Drivers/STM32F3xx_HAL_Driver/Src/stm32f3xx_hal_gpio.o
 .debug_aranges
                0x00000268       0x88 Drivers/STM32F3xx_HAL_Driver/Src/stm32f3xx_hal_rcc.o
 .debug_aranges
                0x000002f0       0x38 Drivers/STM32F3xx_HAL_Driver/Src/stm32f3xx_hal_rcc_ex.o
 .debug_aranges
                0x00000328      0x378 Drivers/STM32F3xx_HAL_Driver/Src/stm32f3xx_hal_tim.o
 .debug_aranges
                0x000006a0      0x178 Drivers/STM32F3xx_HAL_Driver/Src/stm32f3xx_hal_tim_ex.o
 .debug_aranges
                0x00000818      0x1f0 Drivers/STM32F3xx_HAL_Driver/Src/stm32f3xx_hal_uart.o
 .debug_aranges
                0x00000a08      0x1d8 Middlewares/Third_Party/FreeRTOS/Source/CMSIS_RTOS/cmsis_os.o
 .debug_aranges
                0x00000be0       0x40 Middlewares/Third_Party/FreeRTOS/Source/list.o
 .debug_aranges
                0x00000c20       0xe8 Middlewares/Third_Party/FreeRTOS/Source/queue.o
 .debug_aranges
                0x00000d08      0x198 Middlewares/Third_Party/FreeRTOS/Source/tasks.o
 .debug_aranges
                0x00000ea0       0xb8 Middlewares/Third_Party/FreeRTOS/Source/timers.o
 .debug_aranges
                0x00000f58       0x80 Middlewares/Third_Party/FreeRTOS/Source/portable/GCC/ARM_CM4F/port.o
 .debug_aranges
                0x00000fd8       0x50 Middlewares/Third_Party/FreeRTOS/Source/portable/MemMang/heap_4.o
 .debug_aranges
                0x00001028       0x78 Src/main.o
 .debug_aranges
                0x000010a0       0x30 Src/stm32f3xx_hal_msp.o
 .debug_aranges
                0x000010d0       0x30 Src/stm32f3xx_hal_timebase_TIM.o
 .debug_aranges
                0x00001100       0x30 Src/stm32f3xx_it.o
 .debug_aranges
                0x00001130       0x28 Src/system_stm32f3xx.o
 .debug_aranges
                0x00001158       0x28 startup/startup_stm32f303xc.o

.debug_ranges   0x00000000     0x11d0
 .debug_ranges  0x00000000       0xd0 Drivers/STM32F3xx_HAL_Driver/Src/stm32f3xx_hal.o
 .debug_ranges  0x000000d0       0xf8 Drivers/STM32F3xx_HAL_Driver/Src/stm32f3xx_hal_cortex.o
 .debug_ranges  0x000001c8       0x78 Drivers/STM32F3xx_HAL_Driver/Src/stm32f3xx_hal_dma.o
 .debug_ranges  0x00000240       0x48 Drivers/STM32F3xx_HAL_Driver/Src/stm32f3xx_hal_gpio.o
 .debug_ranges  0x00000288       0x98 Drivers/STM32F3xx_HAL_Driver/Src/stm32f3xx_hal_rcc.o
 .debug_ranges  0x00000320       0x40 Drivers/STM32F3xx_HAL_Driver/Src/stm32f3xx_hal_rcc_ex.o
 .debug_ranges  0x00000360      0x368 Drivers/STM32F3xx_HAL_Driver/Src/stm32f3xx_hal_tim.o
 .debug_ranges  0x000006c8      0x168 Drivers/STM32F3xx_HAL_Driver/Src/stm32f3xx_hal_tim_ex.o
 .debug_ranges  0x00000830      0x1e0 Drivers/STM32F3xx_HAL_Driver/Src/stm32f3xx_hal_uart.o
 .debug_ranges  0x00000a10      0x1c8 Middlewares/Third_Party/FreeRTOS/Source/CMSIS_RTOS/cmsis_os.o
 .debug_ranges  0x00000bd8       0x30 Middlewares/Third_Party/FreeRTOS/Source/list.o
 .debug_ranges  0x00000c08      0x178 Middlewares/Third_Party/FreeRTOS/Source/queue.o
 .debug_ranges  0x00000d80      0x1f8 Middlewares/Third_Party/FreeRTOS/Source/tasks.o
 .debug_ranges  0x00000f78       0xa8 Middlewares/Third_Party/FreeRTOS/Source/timers.o
 .debug_ranges  0x00001020       0x70 Middlewares/Third_Party/FreeRTOS/Source/portable/GCC/ARM_CM4F/port.o
 .debug_ranges  0x00001090       0x40 Middlewares/Third_Party/FreeRTOS/Source/portable/MemMang/heap_4.o
 .debug_ranges  0x000010d0       0x68 Src/main.o
 .debug_ranges  0x00001138       0x20 Src/stm32f3xx_hal_msp.o
 .debug_ranges  0x00001158       0x20 Src/stm32f3xx_hal_timebase_TIM.o
 .debug_ranges  0x00001178       0x20 Src/stm32f3xx_it.o
 .debug_ranges  0x00001198       0x18 Src/system_stm32f3xx.o
 .debug_ranges  0x000011b0       0x20 startup/startup_stm32f303xc.o

.debug_macro    0x00000000    0x1d265
 .debug_macro   0x00000000      0x345 Drivers/STM32F3xx_HAL_Driver/Src/stm32f3xx_hal.o
 .debug_macro   0x00000345      0xa60 Drivers/STM32F3xx_HAL_Driver/Src/stm32f3xx_hal.o
 .debug_macro   0x00000da5      0x1d5 Drivers/STM32F3xx_HAL_Driver/Src/stm32f3xx_hal.o
 .debug_macro   0x00000f7a       0xa5 Drivers/STM32F3xx_HAL_Driver/Src/stm32f3xx_hal.o
 .debug_macro   0x0000101f       0x2f Drivers/STM32F3xx_HAL_Driver/Src/stm32f3xx_hal.o
 .debug_macro   0x0000104e       0x28 Drivers/STM32F3xx_HAL_Driver/Src/stm32f3xx_hal.o
 .debug_macro   0x00001076       0x22 Drivers/STM32F3xx_HAL_Driver/Src/stm32f3xx_hal.o
 .debug_macro   0x00001098       0x87 Drivers/STM32F3xx_HAL_Driver/Src/stm32f3xx_hal.o
 .debug_macro   0x0000111f       0x51 Drivers/STM32F3xx_HAL_Driver/Src/stm32f3xx_hal.o
 .debug_macro   0x00001170       0xef Drivers/STM32F3xx_HAL_Driver/Src/stm32f3xx_hal.o
 .debug_macro   0x0000125f       0x6a Drivers/STM32F3xx_HAL_Driver/Src/stm32f3xx_hal.o
 .debug_macro   0x000012c9      0x1df Drivers/STM32F3xx_HAL_Driver/Src/stm32f3xx_hal.o
 .debug_macro   0x000014a8       0x35 Drivers/STM32F3xx_HAL_Driver/Src/stm32f3xx_hal.o
 .debug_macro   0x000014dd       0x50 Drivers/STM32F3xx_HAL_Driver/Src/stm32f3xx_hal.o
 .debug_macro   0x0000152d      0xe66 Drivers/STM32F3xx_HAL_Driver/Src/stm32f3xx_hal.o
 .debug_macro   0x00002393    0x12a4f Drivers/STM32F3xx_HAL_Driver/Src/stm32f3xx_hal.o
 .debug_macro   0x00014de2       0x43 Drivers/STM32F3xx_HAL_Driver/Src/stm32f3xx_hal.o
 .debug_macro   0x00014e25       0x58 Drivers/STM32F3xx_HAL_Driver/Src/stm32f3xx_hal.o
 .debug_macro   0x00014e7d       0x17 Drivers/STM32F3xx_HAL_Driver/Src/stm32f3xx_hal.o
 .debug_macro   0x00014e94       0x35 Drivers/STM32F3xx_HAL_Driver/Src/stm32f3xx_hal.o
 .debug_macro   0x00014ec9       0x9c Drivers/STM32F3xx_HAL_Driver/Src/stm32f3xx_hal.o
 .debug_macro   0x00014f65       0x16 Drivers/STM32F3xx_HAL_Driver/Src/stm32f3xx_hal.o
 .debug_macro   0x00014f7b       0x97 Drivers/STM32F3xx_HAL_Driver/Src/stm32f3xx_hal.o
 .debug_macro   0x00015012      0x330 Drivers/STM32F3xx_HAL_Driver/Src/stm32f3xx_hal.o
 .debug_macro   0x00015342       0xfd Drivers/STM32F3xx_HAL_Driver/Src/stm32f3xx_hal.o
 .debug_macro   0x0001543f       0x10 Drivers/STM32F3xx_HAL_Driver/Src/stm32f3xx_hal.o
 .debug_macro   0x0001544f       0x58 Drivers/STM32F3xx_HAL_Driver/Src/stm32f3xx_hal.o
 .debug_macro   0x000154a7       0x1f Drivers/STM32F3xx_HAL_Driver/Src/stm32f3xx_hal.o
 .debug_macro   0x000154c6       0x43 Drivers/STM32F3xx_HAL_Driver/Src/stm32f3xx_hal.o
 .debug_macro   0x00015509       0x20 Drivers/STM32F3xx_HAL_Driver/Src/stm32f3xx_hal.o
 .debug_macro   0x00015529      0x18e Drivers/STM32F3xx_HAL_Driver/Src/stm32f3xx_hal.o
 .debug_macro   0x000156b7       0x10 Drivers/STM32F3xx_HAL_Driver/Src/stm32f3xx_hal.o
 .debug_macro   0x000156c7       0x1c Drivers/STM32F3xx_HAL_Driver/Src/stm32f3xx_hal.o
 .debug_macro   0x000156e3       0x52 Drivers/STM32F3xx_HAL_Driver/Src/stm32f3xx_hal.o
 .debug_macro   0x00015735       0x40 Drivers/STM32F3xx_HAL_Driver/Src/stm32f3xx_hal.o
 .debug_macro   0x00015775       0x10 Drivers/STM32F3xx_HAL_Driver/Src/stm32f3xx_hal.o
 .debug_macro   0x00015785       0x40 Drivers/STM32F3xx_HAL_Driver/Src/stm32f3xx_hal.o
 .debug_macro   0x000157c5       0xd7 Drivers/STM32F3xx_HAL_Driver/Src/stm32f3xx_hal.o
 .debug_macro   0x0001589c       0x1c Drivers/STM32F3xx_HAL_Driver/Src/stm32f3xx_hal.o
 .debug_macro   0x000158b8       0x3d Drivers/STM32F3xx_HAL_Driver/Src/stm32f3xx_hal.o
 .debug_macro   0x000158f5       0x16 Drivers/STM32F3xx_HAL_Driver/Src/stm32f3xx_hal.o
 .debug_macro   0x0001590b      0x16f Drivers/STM32F3xx_HAL_Driver/Src/stm32f3xx_hal.o
 .debug_macro   0x00015a7a       0x49 Drivers/STM32F3xx_HAL_Driver/Src/stm32f3xx_hal.o
 .debug_macro   0x00015ac3      0x968 Drivers/STM32F3xx_HAL_Driver/Src/stm32f3xx_hal.o
 .debug_macro   0x0001642b      0x5fe Drivers/STM32F3xx_HAL_Driver/Src/stm32f3xx_hal.o
 .debug_macro   0x00016a29      0x13a Drivers/STM32F3xx_HAL_Driver/Src/stm32f3xx_hal.o
 .debug_macro   0x00016b63      0x1fb Drivers/STM32F3xx_HAL_Driver/Src/stm32f3xx_hal.o
 .debug_macro   0x00016d5e      0x1bc Drivers/STM32F3xx_HAL_Driver/Src/stm32f3xx_hal.o
 .debug_macro   0x00016f1a       0x31 Drivers/STM32F3xx_HAL_Driver/Src/stm32f3xx_hal.o
 .debug_macro   0x00016f4b       0x3c Drivers/STM32F3xx_HAL_Driver/Src/stm32f3xx_hal.o
 .debug_macro   0x00016f87      0x23a Drivers/STM32F3xx_HAL_Driver/Src/stm32f3xx_hal.o
 .debug_macro   0x000171c1       0xcb Drivers/STM32F3xx_HAL_Driver/Src/stm32f3xx_hal.o
 .debug_macro   0x0001728c      0x22b Drivers/STM32F3xx_HAL_Driver/Src/stm32f3xx_hal.o
 .debug_macro   0x000174b7      0x209 Drivers/STM32F3xx_HAL_Driver/Src/stm32f3xx_hal.o
 .debug_macro   0x000176c0       0x5b Drivers/STM32F3xx_HAL_Driver/Src/stm32f3xx_hal.o
 .debug_macro   0x0001771b       0x90 Drivers/STM32F3xx_HAL_Driver/Src/stm32f3xx_hal.o
 .debug_macro   0x000177ab       0x82 Drivers/STM32F3xx_HAL_Driver/Src/stm32f3xx_hal.o
 .debug_macro   0x0001782d       0xd3 Drivers/STM32F3xx_HAL_Driver/Src/stm32f3xx_hal.o
 .debug_macro   0x00017900      0x6af Drivers/STM32F3xx_HAL_Driver/Src/stm32f3xx_hal.o
 .debug_macro   0x00017faf      0x38a Drivers/STM32F3xx_HAL_Driver/Src/stm32f3xx_hal.o
 .debug_macro   0x00018339      0x566 Drivers/STM32F3xx_HAL_Driver/Src/stm32f3xx_hal.o
 .debug_macro   0x0001889f       0x2b Drivers/STM32F3xx_HAL_Driver/Src/stm32f3xx_hal.o
 .debug_macro   0x000188ca      0x277 Drivers/STM32F3xx_HAL_Driver/Src/stm32f3xx_hal.o
 .debug_macro   0x00018b41      0x321 Drivers/STM32F3xx_HAL_Driver/Src/stm32f3xx_hal_cortex.o
 .debug_macro   0x00018e62      0x321 Drivers/STM32F3xx_HAL_Driver/Src/stm32f3xx_hal_dma.o
 .debug_macro   0x00019183      0x359 Drivers/STM32F3xx_HAL_Driver/Src/stm32f3xx_hal_gpio.o
 .debug_macro   0x000194dc      0x345 Drivers/STM32F3xx_HAL_Driver/Src/stm32f3xx_hal_rcc.o
 .debug_macro   0x00019821      0x321 Drivers/STM32F3xx_HAL_Driver/Src/stm32f3xx_hal_rcc_ex.o
 .debug_macro   0x00019b42      0x321 Drivers/STM32F3xx_HAL_Driver/Src/stm32f3xx_hal_tim.o
 .debug_macro   0x00019e63      0x32d Drivers/STM32F3xx_HAL_Driver/Src/stm32f3xx_hal_tim_ex.o
 .debug_macro   0x0001a190      0x329 Drivers/STM32F3xx_HAL_Driver/Src/stm32f3xx_hal_uart.o
 .debug_macro   0x0001a4b9      0x1fc Middlewares/Third_Party/FreeRTOS/Source/CMSIS_RTOS/cmsis_os.o
 .debug_macro   0x0001a6b5       0x52 Middlewares/Third_Party/FreeRTOS/Source/CMSIS_RTOS/cmsis_os.o
 .debug_macro   0x0001a707       0x8d Middlewares/Third_Party/FreeRTOS/Source/CMSIS_RTOS/cmsis_os.o
 .debug_macro   0x0001a794      0x174 Middlewares/Third_Party/FreeRTOS/Source/CMSIS_RTOS/cmsis_os.o
 .debug_macro   0x0001a908       0x57 Middlewares/Third_Party/FreeRTOS/Source/CMSIS_RTOS/cmsis_os.o
 .debug_macro   0x0001a95f       0x10 Middlewares/Third_Party/FreeRTOS/Source/CMSIS_RTOS/cmsis_os.o
 .debug_macro   0x0001a96f       0x35 Middlewares/Third_Party/FreeRTOS/Source/CMSIS_RTOS/cmsis_os.o
 .debug_macro   0x0001a9a4       0xee Middlewares/Third_Party/FreeRTOS/Source/CMSIS_RTOS/cmsis_os.o
 .debug_macro   0x0001aa92      0x168 Middlewares/Third_Party/FreeRTOS/Source/CMSIS_RTOS/cmsis_os.o
 .debug_macro   0x0001abfa       0xe4 Middlewares/Third_Party/FreeRTOS/Source/CMSIS_RTOS/cmsis_os.o
 .debug_macro   0x0001acde       0x10 Middlewares/Third_Party/FreeRTOS/Source/CMSIS_RTOS/cmsis_os.o
 .debug_macro   0x0001acee       0x1f Middlewares/Third_Party/FreeRTOS/Source/CMSIS_RTOS/cmsis_os.o
 .debug_macro   0x0001ad0d      0x408 Middlewares/Third_Party/FreeRTOS/Source/CMSIS_RTOS/cmsis_os.o
 .debug_macro   0x0001b115       0xc0 Middlewares/Third_Party/FreeRTOS/Source/CMSIS_RTOS/cmsis_os.o
 .debug_macro   0x0001b1d5       0x8c Middlewares/Third_Party/FreeRTOS/Source/CMSIS_RTOS/cmsis_os.o
 .debug_macro   0x0001b261       0x91 Middlewares/Third_Party/FreeRTOS/Source/CMSIS_RTOS/cmsis_os.o
 .debug_macro   0x0001b2f2       0x94 Middlewares/Third_Party/FreeRTOS/Source/CMSIS_RTOS/cmsis_os.o
 .debug_macro   0x0001b386       0x63 Middlewares/Third_Party/FreeRTOS/Source/CMSIS_RTOS/cmsis_os.o
 .debug_macro   0x0001b3e9       0x19 Middlewares/Third_Party/FreeRTOS/Source/CMSIS_RTOS/cmsis_os.o
 .debug_macro   0x0001b402       0xcf Middlewares/Third_Party/FreeRTOS/Source/CMSIS_RTOS/cmsis_os.o
 .debug_macro   0x0001b4d1       0x26 Middlewares/Third_Party/FreeRTOS/Source/CMSIS_RTOS/cmsis_os.o
 .debug_macro   0x0001b4f7      0x18a Middlewares/Third_Party/FreeRTOS/Source/list.o
 .debug_macro   0x0001b681      0x210 Middlewares/Third_Party/FreeRTOS/Source/queue.o
 .debug_macro   0x0001b891       0x16 Middlewares/Third_Party/FreeRTOS/Source/queue.o
 .debug_macro   0x0001b8a7      0x273 Middlewares/Third_Party/FreeRTOS/Source/tasks.o
 .debug_macro   0x0001bb1a       0x11 Middlewares/Third_Party/FreeRTOS/Source/tasks.o
 .debug_macro   0x0001bb2b      0x1c7 Middlewares/Third_Party/FreeRTOS/Source/timers.o
 .debug_macro   0x0001bcf2      0x1ad Middlewares/Third_Party/FreeRTOS/Source/portable/GCC/ARM_CM4F/port.o
 .debug_macro   0x0001be9f      0x1b1 Middlewares/Third_Party/FreeRTOS/Source/portable/MemMang/heap_4.o
 .debug_macro   0x0001c050      0x3d9 Src/main.o
 .debug_macro   0x0001c429       0xf4 Src/main.o
 .debug_macro   0x0001c51d      0x321 Src/stm32f3xx_hal_msp.o
 .debug_macro   0x0001c83e      0x321 Src/stm32f3xx_hal_timebase_TIM.o
 .debug_macro   0x0001cb5f      0x3df Src/stm32f3xx_it.o
 .debug_macro   0x0001cf3e      0x327 Src/system_stm32f3xx.o

.debug_line     0x00000000     0xdf6e
 .debug_line    0x00000000      0x944 Drivers/STM32F3xx_HAL_Driver/Src/stm32f3xx_hal.o
 .debug_line    0x00000944      0x991 Drivers/STM32F3xx_HAL_Driver/Src/stm32f3xx_hal_cortex.o
 .debug_line    0x000012d5      0x9cc Drivers/STM32F3xx_HAL_Driver/Src/stm32f3xx_hal_dma.o
 .debug_line    0x00001ca1      0x8d2 Drivers/STM32F3xx_HAL_Driver/Src/stm32f3xx_hal_gpio.o
 .debug_line    0x00002573      0xc5a Drivers/STM32F3xx_HAL_Driver/Src/stm32f3xx_hal_rcc.o
 .debug_line    0x000031cd      0xa19 Drivers/STM32F3xx_HAL_Driver/Src/stm32f3xx_hal_rcc_ex.o
 .debug_line    0x00003be6     0x1948 Drivers/STM32F3xx_HAL_Driver/Src/stm32f3xx_hal_tim.o
 .debug_line    0x0000552e      0xed2 Drivers/STM32F3xx_HAL_Driver/Src/stm32f3xx_hal_tim_ex.o
 .debug_line    0x00006400     0x1200 Drivers/STM32F3xx_HAL_Driver/Src/stm32f3xx_hal_uart.o
 .debug_line    0x00007600      0xc21 Middlewares/Third_Party/FreeRTOS/Source/CMSIS_RTOS/cmsis_os.o
 .debug_line    0x00008221      0x55f Middlewares/Third_Party/FreeRTOS/Source/list.o
 .debug_line    0x00008780      0xaa4 Middlewares/Third_Party/FreeRTOS/Source/queue.o
 .debug_line    0x00009224      0xe21 Middlewares/Third_Party/FreeRTOS/Source/tasks.o
 .debug_line    0x0000a045      0x7b4 Middlewares/Third_Party/FreeRTOS/Source/timers.o
 .debug_line    0x0000a7f9      0x5f4 Middlewares/Third_Party/FreeRTOS/Source/portable/GCC/ARM_CM4F/port.o
 .debug_line    0x0000aded      0x612 Middlewares/Third_Party/FreeRTOS/Source/portable/MemMang/heap_4.o
 .debug_line    0x0000b3ff      0xaa0 Src/main.o
 .debug_line    0x0000be9f      0x7ab Src/stm32f3xx_hal_msp.o
 .debug_line    0x0000c64a      0x79e Src/stm32f3xx_hal_timebase_TIM.o
 .debug_line    0x0000cde8      0x970 Src/stm32f3xx_it.o
 .debug_line    0x0000d758      0x797 Src/system_stm32f3xx.o
 .debug_line    0x0000deef       0x7f startup/startup_stm32f303xc.o

.debug_str      0x00000000    0xa12fb
 .debug_str     0x00000000    0x95c26 Drivers/STM32F3xx_HAL_Driver/Src/stm32f3xx_hal.o
                              0x95fa2 (size before relaxing)
 .debug_str     0x00095c26      0x3e0 Drivers/STM32F3xx_HAL_Driver/Src/stm32f3xx_hal_cortex.o
                              0x96062 (size before relaxing)
 .debug_str     0x00096006      0x3f4 Drivers/STM32F3xx_HAL_Driver/Src/stm32f3xx_hal_dma.o
                              0x95b54 (size before relaxing)
 .debug_str     0x000963fa      0x2b4 Drivers/STM32F3xx_HAL_Driver/Src/stm32f3xx_hal_gpio.o
                              0x95a3a (size before relaxing)
 .debug_str     0x000966ae      0x40d Drivers/STM32F3xx_HAL_Driver/Src/stm32f3xx_hal_rcc.o
                              0x95c44 (size before relaxing)
 .debug_str     0x00096abb      0x22f Drivers/STM32F3xx_HAL_Driver/Src/stm32f3xx_hal_rcc_ex.o
                              0x95a4e (size before relaxing)
 .debug_str     0x00096cea      0xf6e Drivers/STM32F3xx_HAL_Driver/Src/stm32f3xx_hal_tim.o
                              0x968e9 (size before relaxing)
 .debug_str     0x00097c58      0x5ce Drivers/STM32F3xx_HAL_Driver/Src/stm32f3xx_hal_tim_ex.o
                              0x9634f (size before relaxing)
 .debug_str     0x00098226      0x99f Drivers/STM32F3xx_HAL_Driver/Src/stm32f3xx_hal_uart.o
                              0x963da (size before relaxing)
 .debug_str     0x00098bc5     0x5d90 Middlewares/Third_Party/FreeRTOS/Source/CMSIS_RTOS/cmsis_os.o
                               0xd239 (size before relaxing)
 .debug_str     0x0009e955      0x234 Middlewares/Third_Party/FreeRTOS/Source/list.o
                               0xa4a7 (size before relaxing)
 .debug_str     0x0009eb89      0x746 Middlewares/Third_Party/FreeRTOS/Source/queue.o
                               0xbb4c (size before relaxing)
 .debug_str     0x0009f2cf      0xf2c Middlewares/Third_Party/FreeRTOS/Source/tasks.o
                               0xc582 (size before relaxing)
 .debug_str     0x000a01fb      0x3ee Middlewares/Third_Party/FreeRTOS/Source/timers.o
                               0xbffe (size before relaxing)
 .debug_str     0x000a05e9      0x77c Middlewares/Third_Party/FreeRTOS/Source/portable/GCC/ARM_CM4F/port.o
                               0x844b (size before relaxing)
 .debug_str     0x000a0d65      0x23a Middlewares/Third_Party/FreeRTOS/Source/portable/MemMang/heap_4.o
                               0xabe7 (size before relaxing)
 .debug_str     0x000a0f9f      0x1fb Src/main.o
                              0x9bc79 (size before relaxing)
 .debug_str     0x000a119a       0x1b Src/stm32f3xx_hal_msp.o
                              0x9611f (size before relaxing)
 .debug_str     0x000a11b5       0x61 Src/stm32f3xx_hal_timebase_TIM.o
                              0x960ba (size before relaxing)
 .debug_str     0x000a1216       0x51 Src/stm32f3xx_it.o
                              0x9ada8 (size before relaxing)
 .debug_str     0x000a1267       0x64 Src/system_stm32f3xx.o
                              0x957dd (size before relaxing)
 .debug_str     0x000a12cb       0x30 startup/startup_stm32f303xc.o
                                 0x59 (size before relaxing)

.comment        0x00000000       0x7e
 .comment       0x00000000       0x7e Drivers/STM32F3xx_HAL_Driver/Src/stm32f3xx_hal.o
                                 0x7f (size before relaxing)
 .comment       0x0000007e       0x7f Drivers/STM32F3xx_HAL_Driver/Src/stm32f3xx_hal_cortex.o
 .comment       0x0000007e       0x7f Drivers/STM32F3xx_HAL_Driver/Src/stm32f3xx_hal_dma.o
 .comment       0x0000007e       0x7f Drivers/STM32F3xx_HAL_Driver/Src/stm32f3xx_hal_gpio.o
 .comment       0x0000007e       0x7f Drivers/STM32F3xx_HAL_Driver/Src/stm32f3xx_hal_rcc.o
 .comment       0x0000007e       0x7f Drivers/STM32F3xx_HAL_Driver/Src/stm32f3xx_hal_rcc_ex.o
 .comment       0x0000007e       0x7f Drivers/STM32F3xx_HAL_Driver/Src/stm32f3xx_hal_tim.o
 .comment       0x0000007e       0x7f Drivers/STM32F3xx_HAL_Driver/Src/stm32f3xx_hal_tim_ex.o
 .comment       0x0000007e       0x7f Drivers/STM32F3xx_HAL_Driver/Src/stm32f3xx_hal_uart.o
 .comment       0x0000007e       0x7f Middlewares/Third_Party/FreeRTOS/Source/CMSIS_RTOS/cmsis_os.o
 .comment       0x0000007e       0x7f Middlewares/Third_Party/FreeRTOS/Source/list.o
 .comment       0x0000007e       0x7f Middlewares/Third_Party/FreeRTOS/Source/queue.o
 .comment       0x0000007e       0x7f Middlewares/Third_Party/FreeRTOS/Source/tasks.o
 .comment       0x0000007e       0x7f Middlewares/Third_Party/FreeRTOS/Source/timers.o
 .comment       0x0000007e       0x7f Middlewares/Third_Party/FreeRTOS/Source/portable/GCC/ARM_CM4F/port.o
 .comment       0x0000007e       0x7f Middlewares/Third_Party/FreeRTOS/Source/portable/MemMang/heap_4.o
 .comment       0x0000007e       0x7f Src/main.o
 .comment       0x0000007e       0x7f Src/stm32f3xx_hal_msp.o
 .comment       0x0000007e       0x7f Src/stm32f3xx_hal_timebase_TIM.o
 .comment       0x0000007e       0x7f Src/stm32f3xx_it.o
 .comment       0x0000007e       0x7f Src/system_stm32f3xx.o

.debug_frame    0x00000000     0x2fe4
 .debug_frame   0x00000000      0x1cc Drivers/STM32F3xx_HAL_Driver/Src/stm32f3xx_hal.o
 .debug_frame   0x000001cc      0x15c Drivers/STM32F3xx_HAL_Driver/Src/stm32f3xx_hal_cortex.o
 .debug_frame   0x00000328      0x164 Drivers/STM32F3xx_HAL_Driver/Src/stm32f3xx_hal_dma.o
 .debug_frame   0x0000048c       0xec Drivers/STM32F3xx_HAL_Driver/Src/stm32f3xx_hal_gpio.o
 .debug_frame   0x00000578      0x178 Drivers/STM32F3xx_HAL_Driver/Src/stm32f3xx_hal_rcc.o
 .debug_frame   0x000006f0       0x7c Drivers/STM32F3xx_HAL_Driver/Src/stm32f3xx_hal_rcc_ex.o
 .debug_frame   0x0000076c      0xa18 Drivers/STM32F3xx_HAL_Driver/Src/stm32f3xx_hal_tim.o
 .debug_frame   0x00001184      0x450 Drivers/STM32F3xx_HAL_Driver/Src/stm32f3xx_hal_tim_ex.o
 .debug_frame   0x000015d4      0x55c Drivers/STM32F3xx_HAL_Driver/Src/stm32f3xx_hal_uart.o
 .debug_frame   0x00001b30      0x5c8 Middlewares/Third_Party/FreeRTOS/Source/CMSIS_RTOS/cmsis_os.o
 .debug_frame   0x000020f8       0x6c Middlewares/Third_Party/FreeRTOS/Source/list.o
 .debug_frame   0x00002164      0x2d0 Middlewares/Third_Party/FreeRTOS/Source/queue.o
 .debug_frame   0x00002434      0x504 Middlewares/Third_Party/FreeRTOS/Source/tasks.o
 .debug_frame   0x00002938      0x23c Middlewares/Third_Party/FreeRTOS/Source/timers.o
 .debug_frame   0x00002b74       0xf0 Middlewares/Third_Party/FreeRTOS/Source/portable/GCC/ARM_CM4F/port.o
 .debug_frame   0x00002c64       0xac Middlewares/Third_Party/FreeRTOS/Source/portable/MemMang/heap_4.o
 .debug_frame   0x00002d10      0x140 Src/main.o
 .debug_frame   0x00002e50       0x68 Src/stm32f3xx_hal_msp.o
 .debug_frame   0x00002eb8       0x50 Src/stm32f3xx_hal_timebase_TIM.o
 .debug_frame   0x00002f08       0x58 Src/stm32f3xx_it.o
 .debug_frame   0x00002f60       0x30 Src/system_stm32f3xx.o
 .debug_frame   0x00002f90       0x2c e:/ac6/systemworkbench/plugins/fr.ac6.mcu.externaltools.arm-none.win32_1.16.0.201807130628/tools/compiler/bin/../lib/gcc/arm-none-eabi/7.2.1/../../../../arm-none-eabi/lib/thumb/v7e-m/fpv4-sp/hard\libc_nano.a(lib_a-init.o)
 .debug_frame   0x00002fbc       0x28 e:/ac6/systemworkbench/plugins/fr.ac6.mcu.externaltools.arm-none.win32_1.16.0.201807130628/tools/compiler/bin/../lib/gcc/arm-none-eabi/7.2.1/../../../../arm-none-eabi/lib/thumb/v7e-m/fpv4-sp/hard\libc_nano.a(lib_a-memcpy-stub.o)
